-- Logs begin at 二 2022-04-12 20:50:26 CST, end at 二 2022-04-12 20:51:58 CST. --
4月 12 20:50:26 localhost.localdomain systemd-journal[225]: Runtime journal is using 8.0M (max allowed 195.5M, trying to leave 293.2M free of 1.9G available → current limit 195.5M).
4月 12 20:50:26 localhost.localdomain kernel: Linux version 5.5.11-1.el7.elrepo.x86_64 (mockbuild@Build64R7) (gcc version 4.8.5 20150623 (Red Hat 4.8.5-39) (GCC)) #1 SMP Fri Mar 20 10:34:37 EDT 2020
4月 12 20:50:26 localhost.localdomain kernel: Command line: BOOT_IMAGE=/vmlinuz-5.5.11-1.el7.elrepo.x86_64 root=UUID=51da67c8-0f02-49d2-b8e7-929221ba9e71 ro crashkernel=auto spectre_v2=retpoline rhgb quiet LANG=zh_CN.UTF-8
4月 12 20:50:26 localhost.localdomain kernel: Disabled fast string operations
4月 12 20:50:26 localhost.localdomain kernel: x86/fpu: Supporting XSAVE feature 0x001: 'x87 floating point registers'
4月 12 20:50:26 localhost.localdomain kernel: x86/fpu: Supporting XSAVE feature 0x002: 'SSE registers'
4月 12 20:50:26 localhost.localdomain kernel: x86/fpu: Supporting XSAVE feature 0x004: 'AVX registers'
4月 12 20:50:26 localhost.localdomain kernel: x86/fpu: xstate_offset[2]:  576, xstate_sizes[2]:  256
4月 12 20:50:26 localhost.localdomain kernel: x86/fpu: Enabled xstate features 0x7, context size is 832 bytes, using 'compacted' format.
4月 12 20:50:26 localhost.localdomain kernel: BIOS-provided physical RAM map:
4月 12 20:50:26 localhost.localdomain kernel: BIOS-e820: [mem 0x0000000000000000-0x0000000000097bff] usable
4月 12 20:50:26 localhost.localdomain kernel: BIOS-e820: [mem 0x0000000000097c00-0x000000000009ffff] reserved
4月 12 20:50:26 localhost.localdomain kernel: BIOS-e820: [mem 0x00000000000ce000-0x00000000000cffff] reserved
4月 12 20:50:26 localhost.localdomain kernel: BIOS-e820: [mem 0x00000000000dc000-0x00000000000fffff] reserved
4月 12 20:50:26 localhost.localdomain kernel: BIOS-e820: [mem 0x0000000000100000-0x00000000bfecffff] usable
4月 12 20:50:26 localhost.localdomain kernel: BIOS-e820: [mem 0x00000000bfed0000-0x00000000bfefefff] ACPI data
4月 12 20:50:26 localhost.localdomain kernel: BIOS-e820: [mem 0x00000000bfeff000-0x00000000bfefffff] ACPI NVS
4月 12 20:50:26 localhost.localdomain kernel: BIOS-e820: [mem 0x00000000bff00000-0x00000000bfffffff] usable
4月 12 20:50:26 localhost.localdomain kernel: BIOS-e820: [mem 0x00000000f0000000-0x00000000f7ffffff] reserved
4月 12 20:50:26 localhost.localdomain kernel: BIOS-e820: [mem 0x00000000fec00000-0x00000000fec0ffff] reserved
4月 12 20:50:26 localhost.localdomain kernel: BIOS-e820: [mem 0x00000000fee00000-0x00000000fee00fff] reserved
4月 12 20:50:26 localhost.localdomain kernel: BIOS-e820: [mem 0x00000000fffe0000-0x00000000ffffffff] reserved
4月 12 20:50:26 localhost.localdomain kernel: BIOS-e820: [mem 0x0000000100000000-0x000000013fffffff] usable
4月 12 20:50:26 localhost.localdomain kernel: NX (Execute Disable) protection: active
4月 12 20:50:26 localhost.localdomain kernel: SMBIOS 2.7 present.
4月 12 20:50:26 localhost.localdomain kernel: DMI: VMware, Inc. VMware Virtual Platform/440BX Desktop Reference Platform, BIOS 6.00 11/12/2020
4月 12 20:50:26 localhost.localdomain kernel: vmware: hypercall mode: 0x02
4月 12 20:50:26 localhost.localdomain kernel: Hypervisor detected: VMware
4月 12 20:50:26 localhost.localdomain kernel: vmware: TSC freq read from hypervisor : 3599.998 MHz
4月 12 20:50:26 localhost.localdomain kernel: vmware: Host bus clock speed read from hypervisor : 66000000 Hz
4月 12 20:50:26 localhost.localdomain kernel: vmware: using sched offset of 4003336715 ns
4月 12 20:50:26 localhost.localdomain kernel: tsc: Detected 3599.998 MHz processor
4月 12 20:50:26 localhost.localdomain kernel: e820: update [mem 0x00000000-0x00000fff] usable ==> reserved
4月 12 20:50:26 localhost.localdomain kernel: e820: remove [mem 0x000a0000-0x000fffff] usable
4月 12 20:50:26 localhost.localdomain kernel: last_pfn = 0x140000 max_arch_pfn = 0x400000000
4月 12 20:50:26 localhost.localdomain kernel: MTRR default type: uncachable
4月 12 20:50:26 localhost.localdomain kernel: MTRR fixed ranges enabled:
4月 12 20:50:26 localhost.localdomain kernel:   00000-9FFFF write-back
4月 12 20:50:26 localhost.localdomain kernel:   A0000-BFFFF uncachable
4月 12 20:50:26 localhost.localdomain kernel:   C0000-CFFFF write-protect
4月 12 20:50:26 localhost.localdomain kernel:   D0000-EFFFF uncachable
4月 12 20:50:26 localhost.localdomain kernel:   F0000-FFFFF write-protect
4月 12 20:50:26 localhost.localdomain kernel: MTRR variable ranges enabled:
4月 12 20:50:26 localhost.localdomain kernel:   0 base 000000000000 mask 1FE000000000 write-back
4月 12 20:50:26 localhost.localdomain kernel:   1 base 0000C0000000 mask 1FFFC0000000 uncachable
4月 12 20:50:26 localhost.localdomain kernel:   2 disabled
4月 12 20:50:26 localhost.localdomain kernel:   3 disabled
4月 12 20:50:26 localhost.localdomain kernel:   4 disabled
4月 12 20:50:26 localhost.localdomain kernel:   5 disabled
4月 12 20:50:26 localhost.localdomain kernel:   6 disabled
4月 12 20:50:26 localhost.localdomain kernel:   7 disabled
4月 12 20:50:26 localhost.localdomain kernel: x86/PAT: Configuration [0-7]: WB  WC  UC- UC  WB  WP  UC- WT  
4月 12 20:50:26 localhost.localdomain kernel: total RAM covered: 130048M
4月 12 20:50:26 localhost.localdomain kernel: Found optimal setting for mtrr clean up
4月 12 20:50:26 localhost.localdomain kernel:  gran_size: 64K         chunk_size: 64K         num_reg: 7          lose cover RAM: 0G
4月 12 20:50:26 localhost.localdomain kernel: e820: update [mem 0xc0000000-0xffffffff] usable ==> reserved
4月 12 20:50:26 localhost.localdomain kernel: last_pfn = 0xc0000 max_arch_pfn = 0x400000000
4月 12 20:50:26 localhost.localdomain kernel: found SMP MP-table at [mem 0x000f6a70-0x000f6a7f]
4月 12 20:50:26 localhost.localdomain kernel: kexec: Reserving the low 1M of memory for crashkernel
4月 12 20:50:26 localhost.localdomain kernel: Using GB pages for direct mapping
4月 12 20:50:26 localhost.localdomain kernel: BRK [0x02c02000, 0x02c02fff] PGTABLE
4月 12 20:50:26 localhost.localdomain kernel: BRK [0x02c03000, 0x02c03fff] PGTABLE
4月 12 20:50:26 localhost.localdomain kernel: BRK [0x02c04000, 0x02c04fff] PGTABLE
4月 12 20:50:26 localhost.localdomain kernel: RAMDISK: [mem 0x35a0f000-0x36cfffff]
4月 12 20:50:26 localhost.localdomain kernel: ACPI: Early table checksum verification disabled
4月 12 20:50:26 localhost.localdomain kernel: ACPI: RSDP 0x00000000000F6A00 000024 (v02 PTLTD )
4月 12 20:50:26 localhost.localdomain kernel: ACPI: XSDT 0x00000000BFEDC633 00005C (v01 INTEL  440BX    06040000 VMW  01324272)
4月 12 20:50:26 localhost.localdomain kernel: ACPI: FACP 0x00000000BFEFEE73 0000F4 (v04 INTEL  440BX    06040000 PTL  000F4240)
4月 12 20:50:26 localhost.localdomain kernel: ACPI: DSDT 0x00000000BFEDD9E8 02148B (v01 PTLTD  Custom   06040000 MSFT 03000001)
4月 12 20:50:26 localhost.localdomain kernel: ACPI: FACS 0x00000000BFEFFFC0 000040
4月 12 20:50:26 localhost.localdomain kernel: ACPI: FACS 0x00000000BFEFFFC0 000040
4月 12 20:50:26 localhost.localdomain kernel: ACPI: BOOT 0x00000000BFEDD9C0 000028 (v01 PTLTD  $SBFTBL$ 06040000  LTP 00000001)
4月 12 20:50:26 localhost.localdomain kernel: ACPI: APIC 0x00000000BFEDD27E 000742 (v01 PTLTD  ? APIC   06040000  LTP 00000000)
4月 12 20:50:26 localhost.localdomain kernel: ACPI: MCFG 0x00000000BFEDD242 00003C (v01 PTLTD  $PCITBL$ 06040000  LTP 00000001)
4月 12 20:50:26 localhost.localdomain kernel: ACPI: SRAT 0x00000000BFEDC72F 0008D0 (v02 VMWARE MEMPLUG  06040000 VMW  00000001)
4月 12 20:50:26 localhost.localdomain kernel: ACPI: HPET 0x00000000BFEDC6F7 000038 (v01 VMWARE VMW HPET 06040000 VMW  00000001)
4月 12 20:50:26 localhost.localdomain kernel: ACPI: WAET 0x00000000BFEDC6CF 000028 (v01 VMWARE VMW WAET 06040000 VMW  00000001)
4月 12 20:50:26 localhost.localdomain kernel: ACPI: Local APIC address 0xfee00000
4月 12 20:50:26 localhost.localdomain kernel: system APIC only can use physical flat
4月 12 20:50:26 localhost.localdomain kernel: Setting APIC routing to physical flat.
4月 12 20:50:26 localhost.localdomain kernel: SRAT: PXM 0 -> APIC 0x00 -> Node 0
4月 12 20:50:26 localhost.localdomain kernel: SRAT: PXM 0 -> APIC 0x01 -> Node 0
4月 12 20:50:26 localhost.localdomain kernel: SRAT: PXM 0 -> APIC 0x02 -> Node 0
4月 12 20:50:26 localhost.localdomain kernel: SRAT: PXM 0 -> APIC 0x03 -> Node 0
4月 12 20:50:26 localhost.localdomain kernel: SRAT: PXM 0 -> APIC 0x04 -> Node 0
4月 12 20:50:26 localhost.localdomain kernel: SRAT: PXM 0 -> APIC 0x05 -> Node 0
4月 12 20:50:26 localhost.localdomain kernel: SRAT: PXM 0 -> APIC 0x06 -> Node 0
4月 12 20:50:26 localhost.localdomain kernel: SRAT: PXM 0 -> APIC 0x07 -> Node 0
4月 12 20:50:26 localhost.localdomain kernel: SRAT: PXM 0 -> APIC 0x08 -> Node 0
4月 12 20:50:26 localhost.localdomain kernel: SRAT: PXM 0 -> APIC 0x09 -> Node 0
4月 12 20:50:26 localhost.localdomain kernel: SRAT: PXM 0 -> APIC 0x0a -> Node 0
4月 12 20:50:26 localhost.localdomain kernel: SRAT: PXM 0 -> APIC 0x0b -> Node 0
4月 12 20:50:26 localhost.localdomain kernel: SRAT: PXM 0 -> APIC 0x0c -> Node 0
4月 12 20:50:26 localhost.localdomain kernel: SRAT: PXM 0 -> APIC 0x0d -> Node 0
4月 12 20:50:26 localhost.localdomain kernel: SRAT: PXM 0 -> APIC 0x0e -> Node 0
4月 12 20:50:26 localhost.localdomain kernel: SRAT: PXM 0 -> APIC 0x0f -> Node 0
4月 12 20:50:26 localhost.localdomain kernel: SRAT: PXM 0 -> APIC 0x10 -> Node 0
4月 12 20:50:26 localhost.localdomain kernel: SRAT: PXM 0 -> APIC 0x11 -> Node 0
4月 12 20:50:26 localhost.localdomain kernel: SRAT: PXM 0 -> APIC 0x12 -> Node 0
4月 12 20:50:26 localhost.localdomain kernel: SRAT: PXM 0 -> APIC 0x13 -> Node 0
4月 12 20:50:26 localhost.localdomain kernel: SRAT: PXM 0 -> APIC 0x14 -> Node 0
4月 12 20:50:26 localhost.localdomain kernel: SRAT: PXM 0 -> APIC 0x15 -> Node 0
4月 12 20:50:26 localhost.localdomain kernel: SRAT: PXM 0 -> APIC 0x16 -> Node 0
4月 12 20:50:26 localhost.localdomain kernel: SRAT: PXM 0 -> APIC 0x17 -> Node 0
4月 12 20:50:26 localhost.localdomain kernel: SRAT: PXM 0 -> APIC 0x18 -> Node 0
4月 12 20:50:26 localhost.localdomain kernel: SRAT: PXM 0 -> APIC 0x19 -> Node 0
4月 12 20:50:26 localhost.localdomain kernel: SRAT: PXM 0 -> APIC 0x1a -> Node 0
4月 12 20:50:26 localhost.localdomain kernel: SRAT: PXM 0 -> APIC 0x1b -> Node 0
4月 12 20:50:26 localhost.localdomain kernel: SRAT: PXM 0 -> APIC 0x1c -> Node 0
4月 12 20:50:26 localhost.localdomain kernel: SRAT: PXM 0 -> APIC 0x1d -> Node 0
4月 12 20:50:26 localhost.localdomain kernel: SRAT: PXM 0 -> APIC 0x1e -> Node 0
4月 12 20:50:26 localhost.localdomain kernel: SRAT: PXM 0 -> APIC 0x1f -> Node 0
4月 12 20:50:26 localhost.localdomain kernel: SRAT: PXM 0 -> APIC 0x20 -> Node 0
4月 12 20:50:26 localhost.localdomain kernel: SRAT: PXM 0 -> APIC 0x21 -> Node 0
4月 12 20:50:26 localhost.localdomain kernel: SRAT: PXM 0 -> APIC 0x22 -> Node 0
4月 12 20:50:26 localhost.localdomain kernel: SRAT: PXM 0 -> APIC 0x23 -> Node 0
4月 12 20:50:26 localhost.localdomain kernel: SRAT: PXM 0 -> APIC 0x24 -> Node 0
4月 12 20:50:26 localhost.localdomain kernel: SRAT: PXM 0 -> APIC 0x25 -> Node 0
4月 12 20:50:26 localhost.localdomain kernel: SRAT: PXM 0 -> APIC 0x26 -> Node 0
4月 12 20:50:26 localhost.localdomain kernel: SRAT: PXM 0 -> APIC 0x27 -> Node 0
4月 12 20:50:26 localhost.localdomain kernel: SRAT: PXM 0 -> APIC 0x28 -> Node 0
4月 12 20:50:26 localhost.localdomain kernel: SRAT: PXM 0 -> APIC 0x29 -> Node 0
4月 12 20:50:26 localhost.localdomain kernel: SRAT: PXM 0 -> APIC 0x2a -> Node 0
4月 12 20:50:26 localhost.localdomain kernel: SRAT: PXM 0 -> APIC 0x2b -> Node 0
4月 12 20:50:26 localhost.localdomain kernel: SRAT: PXM 0 -> APIC 0x2c -> Node 0
4月 12 20:50:26 localhost.localdomain kernel: SRAT: PXM 0 -> APIC 0x2d -> Node 0
4月 12 20:50:26 localhost.localdomain kernel: SRAT: PXM 0 -> APIC 0x2e -> Node 0
4月 12 20:50:26 localhost.localdomain kernel: SRAT: PXM 0 -> APIC 0x2f -> Node 0
4月 12 20:50:26 localhost.localdomain kernel: SRAT: PXM 0 -> APIC 0x30 -> Node 0
4月 12 20:50:26 localhost.localdomain kernel: SRAT: PXM 0 -> APIC 0x31 -> Node 0
4月 12 20:50:26 localhost.localdomain kernel: SRAT: PXM 0 -> APIC 0x32 -> Node 0
4月 12 20:50:26 localhost.localdomain kernel: SRAT: PXM 0 -> APIC 0x33 -> Node 0
4月 12 20:50:26 localhost.localdomain kernel: SRAT: PXM 0 -> APIC 0x34 -> Node 0
4月 12 20:50:26 localhost.localdomain kernel: SRAT: PXM 0 -> APIC 0x35 -> Node 0
4月 12 20:50:26 localhost.localdomain kernel: SRAT: PXM 0 -> APIC 0x36 -> Node 0
4月 12 20:50:26 localhost.localdomain kernel: SRAT: PXM 0 -> APIC 0x37 -> Node 0
4月 12 20:50:26 localhost.localdomain kernel: SRAT: PXM 0 -> APIC 0x38 -> Node 0
4月 12 20:50:26 localhost.localdomain kernel: SRAT: PXM 0 -> APIC 0x39 -> Node 0
4月 12 20:50:26 localhost.localdomain kernel: SRAT: PXM 0 -> APIC 0x3a -> Node 0
4月 12 20:50:26 localhost.localdomain kernel: SRAT: PXM 0 -> APIC 0x3b -> Node 0
4月 12 20:50:26 localhost.localdomain kernel: SRAT: PXM 0 -> APIC 0x3c -> Node 0
4月 12 20:50:26 localhost.localdomain kernel: SRAT: PXM 0 -> APIC 0x3d -> Node 0
4月 12 20:50:26 localhost.localdomain kernel: SRAT: PXM 0 -> APIC 0x3e -> Node 0
4月 12 20:50:26 localhost.localdomain kernel: SRAT: PXM 0 -> APIC 0x3f -> Node 0
4月 12 20:50:26 localhost.localdomain kernel: SRAT: PXM 0 -> APIC 0x40 -> Node 0
4月 12 20:50:26 localhost.localdomain kernel: SRAT: PXM 0 -> APIC 0x41 -> Node 0
4月 12 20:50:26 localhost.localdomain kernel: SRAT: PXM 0 -> APIC 0x42 -> Node 0
4月 12 20:50:26 localhost.localdomain kernel: SRAT: PXM 0 -> APIC 0x43 -> Node 0
4月 12 20:50:26 localhost.localdomain kernel: SRAT: PXM 0 -> APIC 0x44 -> Node 0
4月 12 20:50:26 localhost.localdomain kernel: SRAT: PXM 0 -> APIC 0x45 -> Node 0
4月 12 20:50:26 localhost.localdomain kernel: SRAT: PXM 0 -> APIC 0x46 -> Node 0
4月 12 20:50:26 localhost.localdomain kernel: SRAT: PXM 0 -> APIC 0x47 -> Node 0
4月 12 20:50:26 localhost.localdomain kernel: SRAT: PXM 0 -> APIC 0x48 -> Node 0
4月 12 20:50:26 localhost.localdomain kernel: SRAT: PXM 0 -> APIC 0x49 -> Node 0
4月 12 20:50:26 localhost.localdomain kernel: SRAT: PXM 0 -> APIC 0x4a -> Node 0
4月 12 20:50:26 localhost.localdomain kernel: SRAT: PXM 0 -> APIC 0x4b -> Node 0
4月 12 20:50:26 localhost.localdomain kernel: SRAT: PXM 0 -> APIC 0x4c -> Node 0
4月 12 20:50:26 localhost.localdomain kernel: SRAT: PXM 0 -> APIC 0x4d -> Node 0
4月 12 20:50:26 localhost.localdomain kernel: SRAT: PXM 0 -> APIC 0x4e -> Node 0
4月 12 20:50:26 localhost.localdomain kernel: SRAT: PXM 0 -> APIC 0x4f -> Node 0
4月 12 20:50:26 localhost.localdomain kernel: SRAT: PXM 0 -> APIC 0x50 -> Node 0
4月 12 20:50:26 localhost.localdomain kernel: SRAT: PXM 0 -> APIC 0x51 -> Node 0
4月 12 20:50:26 localhost.localdomain kernel: SRAT: PXM 0 -> APIC 0x52 -> Node 0
4月 12 20:50:26 localhost.localdomain kernel: SRAT: PXM 0 -> APIC 0x53 -> Node 0
4月 12 20:50:26 localhost.localdomain kernel: SRAT: PXM 0 -> APIC 0x54 -> Node 0
4月 12 20:50:26 localhost.localdomain kernel: SRAT: PXM 0 -> APIC 0x55 -> Node 0
4月 12 20:50:26 localhost.localdomain kernel: SRAT: PXM 0 -> APIC 0x56 -> Node 0
4月 12 20:50:26 localhost.localdomain kernel: SRAT: PXM 0 -> APIC 0x57 -> Node 0
4月 12 20:50:26 localhost.localdomain kernel: SRAT: PXM 0 -> APIC 0x58 -> Node 0
4月 12 20:50:26 localhost.localdomain kernel: SRAT: PXM 0 -> APIC 0x59 -> Node 0
4月 12 20:50:26 localhost.localdomain kernel: SRAT: PXM 0 -> APIC 0x5a -> Node 0
4月 12 20:50:26 localhost.localdomain kernel: SRAT: PXM 0 -> APIC 0x5b -> Node 0
4月 12 20:50:26 localhost.localdomain kernel: SRAT: PXM 0 -> APIC 0x5c -> Node 0
4月 12 20:50:26 localhost.localdomain kernel: SRAT: PXM 0 -> APIC 0x5d -> Node 0
4月 12 20:50:26 localhost.localdomain kernel: SRAT: PXM 0 -> APIC 0x5e -> Node 0
4月 12 20:50:26 localhost.localdomain kernel: SRAT: PXM 0 -> APIC 0x5f -> Node 0
4月 12 20:50:26 localhost.localdomain kernel: SRAT: PXM 0 -> APIC 0x60 -> Node 0
4月 12 20:50:26 localhost.localdomain kernel: SRAT: PXM 0 -> APIC 0x61 -> Node 0
4月 12 20:50:26 localhost.localdomain kernel: SRAT: PXM 0 -> APIC 0x62 -> Node 0
4月 12 20:50:26 localhost.localdomain kernel: SRAT: PXM 0 -> APIC 0x63 -> Node 0
4月 12 20:50:26 localhost.localdomain kernel: SRAT: PXM 0 -> APIC 0x64 -> Node 0
4月 12 20:50:26 localhost.localdomain kernel: SRAT: PXM 0 -> APIC 0x65 -> Node 0
4月 12 20:50:26 localhost.localdomain kernel: SRAT: PXM 0 -> APIC 0x66 -> Node 0
4月 12 20:50:26 localhost.localdomain kernel: SRAT: PXM 0 -> APIC 0x67 -> Node 0
4月 12 20:50:26 localhost.localdomain kernel: SRAT: PXM 0 -> APIC 0x68 -> Node 0
4月 12 20:50:26 localhost.localdomain kernel: SRAT: PXM 0 -> APIC 0x69 -> Node 0
4月 12 20:50:26 localhost.localdomain kernel: SRAT: PXM 0 -> APIC 0x6a -> Node 0
4月 12 20:50:26 localhost.localdomain kernel: SRAT: PXM 0 -> APIC 0x6b -> Node 0
4月 12 20:50:26 localhost.localdomain kernel: SRAT: PXM 0 -> APIC 0x6c -> Node 0
4月 12 20:50:26 localhost.localdomain kernel: SRAT: PXM 0 -> APIC 0x6d -> Node 0
4月 12 20:50:26 localhost.localdomain kernel: SRAT: PXM 0 -> APIC 0x6e -> Node 0
4月 12 20:50:26 localhost.localdomain kernel: SRAT: PXM 0 -> APIC 0x6f -> Node 0
4月 12 20:50:26 localhost.localdomain kernel: SRAT: PXM 0 -> APIC 0x70 -> Node 0
4月 12 20:50:26 localhost.localdomain kernel: SRAT: PXM 0 -> APIC 0x71 -> Node 0
4月 12 20:50:26 localhost.localdomain kernel: SRAT: PXM 0 -> APIC 0x72 -> Node 0
4月 12 20:50:26 localhost.localdomain kernel: SRAT: PXM 0 -> APIC 0x73 -> Node 0
4月 12 20:50:26 localhost.localdomain kernel: SRAT: PXM 0 -> APIC 0x74 -> Node 0
4月 12 20:50:26 localhost.localdomain kernel: SRAT: PXM 0 -> APIC 0x75 -> Node 0
4月 12 20:50:26 localhost.localdomain kernel: SRAT: PXM 0 -> APIC 0x76 -> Node 0
4月 12 20:50:26 localhost.localdomain kernel: SRAT: PXM 0 -> APIC 0x77 -> Node 0
4月 12 20:50:26 localhost.localdomain kernel: SRAT: PXM 0 -> APIC 0x78 -> Node 0
4月 12 20:50:26 localhost.localdomain kernel: SRAT: PXM 0 -> APIC 0x79 -> Node 0
4月 12 20:50:26 localhost.localdomain kernel: SRAT: PXM 0 -> APIC 0x7a -> Node 0
4月 12 20:50:26 localhost.localdomain kernel: SRAT: PXM 0 -> APIC 0x7b -> Node 0
4月 12 20:50:26 localhost.localdomain kernel: SRAT: PXM 0 -> APIC 0x7c -> Node 0
4月 12 20:50:26 localhost.localdomain kernel: SRAT: PXM 0 -> APIC 0x7d -> Node 0
4月 12 20:50:26 localhost.localdomain kernel: SRAT: PXM 0 -> APIC 0x7e -> Node 0
4月 12 20:50:26 localhost.localdomain kernel: SRAT: PXM 0 -> APIC 0x7f -> Node 0
4月 12 20:50:26 localhost.localdomain kernel: ACPI: SRAT: Node 0 PXM 0 [mem 0x00000000-0x0009ffff]
4月 12 20:50:26 localhost.localdomain kernel: ACPI: SRAT: Node 0 PXM 0 [mem 0x00100000-0xbfffffff]
4月 12 20:50:26 localhost.localdomain kernel: ACPI: SRAT: Node 0 PXM 0 [mem 0x100000000-0x13fffffff]
4月 12 20:50:26 localhost.localdomain kernel: ACPI: SRAT: Node 0 PXM 0 [mem 0x140000000-0x103fffffff] hotplug
4月 12 20:50:26 localhost.localdomain kernel: NUMA: Node 0 [mem 0x00000000-0x0009ffff] + [mem 0x00100000-0xbfffffff] -> [mem 0x00000000-0xbfffffff]
4月 12 20:50:26 localhost.localdomain kernel: NUMA: Node 0 [mem 0x00000000-0xbfffffff] + [mem 0x100000000-0x13fffffff] -> [mem 0x00000000-0x13fffffff]
4月 12 20:50:26 localhost.localdomain kernel: NODE_DATA(0) allocated [mem 0x13ffd4000-0x13fffdfff]
4月 12 20:50:26 localhost.localdomain kernel: crashkernel: memory value expected
4月 12 20:50:26 localhost.localdomain kernel: Zone ranges:
4月 12 20:50:26 localhost.localdomain kernel:   DMA      [mem 0x0000000000001000-0x0000000000ffffff]
4月 12 20:50:26 localhost.localdomain kernel:   DMA32    [mem 0x0000000001000000-0x00000000ffffffff]
4月 12 20:50:26 localhost.localdomain kernel:   Normal   [mem 0x0000000100000000-0x000000013fffffff]
4月 12 20:50:26 localhost.localdomain kernel:   Device   empty
4月 12 20:50:26 localhost.localdomain kernel: Movable zone start for each node
4月 12 20:50:26 localhost.localdomain kernel: Early memory node ranges
4月 12 20:50:26 localhost.localdomain kernel:   node   0: [mem 0x0000000000001000-0x0000000000096fff]
4月 12 20:50:26 localhost.localdomain kernel:   node   0: [mem 0x0000000000100000-0x00000000bfecffff]
4月 12 20:50:26 localhost.localdomain kernel:   node   0: [mem 0x00000000bff00000-0x00000000bfffffff]
4月 12 20:50:26 localhost.localdomain kernel:   node   0: [mem 0x0000000100000000-0x000000013fffffff]
4月 12 20:50:26 localhost.localdomain kernel: Zeroed struct page in unavailable ranges: 154 pages
4月 12 20:50:26 localhost.localdomain kernel: Initmem setup node 0 [mem 0x0000000000001000-0x000000013fffffff]
4月 12 20:50:26 localhost.localdomain kernel: On node 0 totalpages: 1048422
4月 12 20:50:26 localhost.localdomain kernel:   DMA zone: 64 pages used for memmap
4月 12 20:50:26 localhost.localdomain kernel:   DMA zone: 150 pages reserved
4月 12 20:50:26 localhost.localdomain kernel:   DMA zone: 3990 pages, LIFO batch:0
4月 12 20:50:26 localhost.localdomain kernel:   DMA32 zone: 12224 pages used for memmap
4月 12 20:50:26 localhost.localdomain kernel:   DMA32 zone: 782288 pages, LIFO batch:63
4月 12 20:50:26 localhost.localdomain kernel:   Normal zone: 4096 pages used for memmap
4月 12 20:50:26 localhost.localdomain kernel:   Normal zone: 262144 pages, LIFO batch:63
4月 12 20:50:26 localhost.localdomain kernel: ACPI: PM-Timer IO Port: 0x1008
4月 12 20:50:26 localhost.localdomain kernel: ACPI: Local APIC address 0xfee00000
4月 12 20:50:26 localhost.localdomain kernel: system APIC only can use physical flat
4月 12 20:50:26 localhost.localdomain kernel: ACPI: LAPIC_NMI (acpi_id[0x00] high edge lint[0x1])
4月 12 20:50:26 localhost.localdomain kernel: ACPI: LAPIC_NMI (acpi_id[0x01] high edge lint[0x1])
4月 12 20:50:26 localhost.localdomain kernel: ACPI: LAPIC_NMI (acpi_id[0x02] high edge lint[0x1])
4月 12 20:50:26 localhost.localdomain kernel: ACPI: LAPIC_NMI (acpi_id[0x03] high edge lint[0x1])
4月 12 20:50:26 localhost.localdomain kernel: ACPI: LAPIC_NMI (acpi_id[0x04] high edge lint[0x1])
4月 12 20:50:26 localhost.localdomain kernel: ACPI: LAPIC_NMI (acpi_id[0x05] high edge lint[0x1])
4月 12 20:50:26 localhost.localdomain kernel: ACPI: LAPIC_NMI (acpi_id[0x06] high edge lint[0x1])
4月 12 20:50:26 localhost.localdomain kernel: ACPI: LAPIC_NMI (acpi_id[0x07] high edge lint[0x1])
4月 12 20:50:26 localhost.localdomain kernel: ACPI: LAPIC_NMI (acpi_id[0x08] high edge lint[0x1])
4月 12 20:50:26 localhost.localdomain kernel: ACPI: LAPIC_NMI (acpi_id[0x09] high edge lint[0x1])
4月 12 20:50:26 localhost.localdomain kernel: ACPI: LAPIC_NMI (acpi_id[0x0a] high edge lint[0x1])
4月 12 20:50:26 localhost.localdomain kernel: ACPI: LAPIC_NMI (acpi_id[0x0b] high edge lint[0x1])
4月 12 20:50:26 localhost.localdomain kernel: ACPI: LAPIC_NMI (acpi_id[0x0c] high edge lint[0x1])
4月 12 20:50:26 localhost.localdomain kernel: ACPI: LAPIC_NMI (acpi_id[0x0d] high edge lint[0x1])
4月 12 20:50:26 localhost.localdomain kernel: ACPI: LAPIC_NMI (acpi_id[0x0e] high edge lint[0x1])
4月 12 20:50:26 localhost.localdomain kernel: ACPI: LAPIC_NMI (acpi_id[0x0f] high edge lint[0x1])
4月 12 20:50:26 localhost.localdomain kernel: ACPI: LAPIC_NMI (acpi_id[0x10] high edge lint[0x1])
4月 12 20:50:26 localhost.localdomain kernel: ACPI: LAPIC_NMI (acpi_id[0x11] high edge lint[0x1])
4月 12 20:50:26 localhost.localdomain kernel: ACPI: LAPIC_NMI (acpi_id[0x12] high edge lint[0x1])
4月 12 20:50:26 localhost.localdomain kernel: ACPI: LAPIC_NMI (acpi_id[0x13] high edge lint[0x1])
4月 12 20:50:26 localhost.localdomain kernel: ACPI: LAPIC_NMI (acpi_id[0x14] high edge lint[0x1])
4月 12 20:50:26 localhost.localdomain kernel: ACPI: LAPIC_NMI (acpi_id[0x15] high edge lint[0x1])
4月 12 20:50:26 localhost.localdomain kernel: ACPI: LAPIC_NMI (acpi_id[0x16] high edge lint[0x1])
4月 12 20:50:26 localhost.localdomain kernel: ACPI: LAPIC_NMI (acpi_id[0x17] high edge lint[0x1])
4月 12 20:50:26 localhost.localdomain kernel: ACPI: LAPIC_NMI (acpi_id[0x18] high edge lint[0x1])
4月 12 20:50:26 localhost.localdomain kernel: ACPI: LAPIC_NMI (acpi_id[0x19] high edge lint[0x1])
4月 12 20:50:26 localhost.localdomain kernel: ACPI: LAPIC_NMI (acpi_id[0x1a] high edge lint[0x1])
4月 12 20:50:26 localhost.localdomain kernel: ACPI: LAPIC_NMI (acpi_id[0x1b] high edge lint[0x1])
4月 12 20:50:26 localhost.localdomain kernel: ACPI: LAPIC_NMI (acpi_id[0x1c] high edge lint[0x1])
4月 12 20:50:26 localhost.localdomain kernel: ACPI: LAPIC_NMI (acpi_id[0x1d] high edge lint[0x1])
4月 12 20:50:26 localhost.localdomain kernel: ACPI: LAPIC_NMI (acpi_id[0x1e] high edge lint[0x1])
4月 12 20:50:26 localhost.localdomain kernel: ACPI: LAPIC_NMI (acpi_id[0x1f] high edge lint[0x1])
4月 12 20:50:26 localhost.localdomain kernel: ACPI: LAPIC_NMI (acpi_id[0x20] high edge lint[0x1])
4月 12 20:50:26 localhost.localdomain kernel: ACPI: LAPIC_NMI (acpi_id[0x21] high edge lint[0x1])
4月 12 20:50:26 localhost.localdomain kernel: ACPI: LAPIC_NMI (acpi_id[0x22] high edge lint[0x1])
4月 12 20:50:26 localhost.localdomain kernel: ACPI: LAPIC_NMI (acpi_id[0x23] high edge lint[0x1])
4月 12 20:50:26 localhost.localdomain kernel: ACPI: LAPIC_NMI (acpi_id[0x24] high edge lint[0x1])
4月 12 20:50:26 localhost.localdomain kernel: ACPI: LAPIC_NMI (acpi_id[0x25] high edge lint[0x1])
4月 12 20:50:26 localhost.localdomain kernel: ACPI: LAPIC_NMI (acpi_id[0x26] high edge lint[0x1])
4月 12 20:50:26 localhost.localdomain kernel: ACPI: LAPIC_NMI (acpi_id[0x27] high edge lint[0x1])
4月 12 20:50:26 localhost.localdomain kernel: ACPI: LAPIC_NMI (acpi_id[0x28] high edge lint[0x1])
4月 12 20:50:26 localhost.localdomain kernel: ACPI: LAPIC_NMI (acpi_id[0x29] high edge lint[0x1])
4月 12 20:50:26 localhost.localdomain kernel: ACPI: LAPIC_NMI (acpi_id[0x2a] high edge lint[0x1])
4月 12 20:50:26 localhost.localdomain kernel: ACPI: LAPIC_NMI (acpi_id[0x2b] high edge lint[0x1])
4月 12 20:50:26 localhost.localdomain kernel: ACPI: LAPIC_NMI (acpi_id[0x2c] high edge lint[0x1])
4月 12 20:50:26 localhost.localdomain kernel: ACPI: LAPIC_NMI (acpi_id[0x2d] high edge lint[0x1])
4月 12 20:50:26 localhost.localdomain kernel: ACPI: LAPIC_NMI (acpi_id[0x2e] high edge lint[0x1])
4月 12 20:50:26 localhost.localdomain kernel: ACPI: LAPIC_NMI (acpi_id[0x2f] high edge lint[0x1])
4月 12 20:50:26 localhost.localdomain kernel: ACPI: LAPIC_NMI (acpi_id[0x30] high edge lint[0x1])
4月 12 20:50:26 localhost.localdomain kernel: ACPI: LAPIC_NMI (acpi_id[0x31] high edge lint[0x1])
4月 12 20:50:26 localhost.localdomain kernel: ACPI: LAPIC_NMI (acpi_id[0x32] high edge lint[0x1])
4月 12 20:50:26 localhost.localdomain kernel: ACPI: LAPIC_NMI (acpi_id[0x33] high edge lint[0x1])
4月 12 20:50:26 localhost.localdomain kernel: ACPI: LAPIC_NMI (acpi_id[0x34] high edge lint[0x1])
4月 12 20:50:26 localhost.localdomain kernel: ACPI: LAPIC_NMI (acpi_id[0x35] high edge lint[0x1])
4月 12 20:50:26 localhost.localdomain kernel: ACPI: LAPIC_NMI (acpi_id[0x36] high edge lint[0x1])
4月 12 20:50:26 localhost.localdomain kernel: ACPI: LAPIC_NMI (acpi_id[0x37] high edge lint[0x1])
4月 12 20:50:26 localhost.localdomain kernel: ACPI: LAPIC_NMI (acpi_id[0x38] high edge lint[0x1])
4月 12 20:50:26 localhost.localdomain kernel: ACPI: LAPIC_NMI (acpi_id[0x39] high edge lint[0x1])
4月 12 20:50:26 localhost.localdomain kernel: ACPI: LAPIC_NMI (acpi_id[0x3a] high edge lint[0x1])
4月 12 20:50:26 localhost.localdomain kernel: ACPI: LAPIC_NMI (acpi_id[0x3b] high edge lint[0x1])
4月 12 20:50:26 localhost.localdomain kernel: ACPI: LAPIC_NMI (acpi_id[0x3c] high edge lint[0x1])
4月 12 20:50:26 localhost.localdomain kernel: ACPI: LAPIC_NMI (acpi_id[0x3d] high edge lint[0x1])
4月 12 20:50:26 localhost.localdomain kernel: ACPI: LAPIC_NMI (acpi_id[0x3e] high edge lint[0x1])
4月 12 20:50:26 localhost.localdomain kernel: ACPI: LAPIC_NMI (acpi_id[0x3f] high edge lint[0x1])
4月 12 20:50:26 localhost.localdomain kernel: ACPI: LAPIC_NMI (acpi_id[0x40] high edge lint[0x1])
4月 12 20:50:26 localhost.localdomain kernel: ACPI: LAPIC_NMI (acpi_id[0x41] high edge lint[0x1])
4月 12 20:50:26 localhost.localdomain kernel: ACPI: LAPIC_NMI (acpi_id[0x42] high edge lint[0x1])
4月 12 20:50:26 localhost.localdomain kernel: ACPI: LAPIC_NMI (acpi_id[0x43] high edge lint[0x1])
4月 12 20:50:26 localhost.localdomain kernel: ACPI: LAPIC_NMI (acpi_id[0x44] high edge lint[0x1])
4月 12 20:50:26 localhost.localdomain kernel: ACPI: LAPIC_NMI (acpi_id[0x45] high edge lint[0x1])
4月 12 20:50:26 localhost.localdomain kernel: ACPI: LAPIC_NMI (acpi_id[0x46] high edge lint[0x1])
4月 12 20:50:26 localhost.localdomain kernel: ACPI: LAPIC_NMI (acpi_id[0x47] high edge lint[0x1])
4月 12 20:50:26 localhost.localdomain kernel: ACPI: LAPIC_NMI (acpi_id[0x48] high edge lint[0x1])
4月 12 20:50:26 localhost.localdomain kernel: ACPI: LAPIC_NMI (acpi_id[0x49] high edge lint[0x1])
4月 12 20:50:26 localhost.localdomain kernel: ACPI: LAPIC_NMI (acpi_id[0x4a] high edge lint[0x1])
4月 12 20:50:26 localhost.localdomain kernel: ACPI: LAPIC_NMI (acpi_id[0x4b] high edge lint[0x1])
4月 12 20:50:26 localhost.localdomain kernel: ACPI: LAPIC_NMI (acpi_id[0x4c] high edge lint[0x1])
4月 12 20:50:26 localhost.localdomain kernel: ACPI: LAPIC_NMI (acpi_id[0x4d] high edge lint[0x1])
4月 12 20:50:26 localhost.localdomain kernel: ACPI: LAPIC_NMI (acpi_id[0x4e] high edge lint[0x1])
4月 12 20:50:26 localhost.localdomain kernel: ACPI: LAPIC_NMI (acpi_id[0x4f] high edge lint[0x1])
4月 12 20:50:26 localhost.localdomain kernel: ACPI: LAPIC_NMI (acpi_id[0x50] high edge lint[0x1])
4月 12 20:50:26 localhost.localdomain kernel: ACPI: LAPIC_NMI (acpi_id[0x51] high edge lint[0x1])
4月 12 20:50:26 localhost.localdomain kernel: ACPI: LAPIC_NMI (acpi_id[0x52] high edge lint[0x1])
4月 12 20:50:26 localhost.localdomain kernel: ACPI: LAPIC_NMI (acpi_id[0x53] high edge lint[0x1])
4月 12 20:50:26 localhost.localdomain kernel: ACPI: LAPIC_NMI (acpi_id[0x54] high edge lint[0x1])
4月 12 20:50:26 localhost.localdomain kernel: ACPI: LAPIC_NMI (acpi_id[0x55] high edge lint[0x1])
4月 12 20:50:26 localhost.localdomain kernel: ACPI: LAPIC_NMI (acpi_id[0x56] high edge lint[0x1])
4月 12 20:50:26 localhost.localdomain kernel: ACPI: LAPIC_NMI (acpi_id[0x57] high edge lint[0x1])
4月 12 20:50:26 localhost.localdomain kernel: ACPI: LAPIC_NMI (acpi_id[0x58] high edge lint[0x1])
4月 12 20:50:26 localhost.localdomain kernel: ACPI: LAPIC_NMI (acpi_id[0x59] high edge lint[0x1])
4月 12 20:50:26 localhost.localdomain kernel: ACPI: LAPIC_NMI (acpi_id[0x5a] high edge lint[0x1])
4月 12 20:50:26 localhost.localdomain kernel: ACPI: LAPIC_NMI (acpi_id[0x5b] high edge lint[0x1])
4月 12 20:50:26 localhost.localdomain kernel: ACPI: LAPIC_NMI (acpi_id[0x5c] high edge lint[0x1])
4月 12 20:50:26 localhost.localdomain kernel: ACPI: LAPIC_NMI (acpi_id[0x5d] high edge lint[0x1])
4月 12 20:50:26 localhost.localdomain kernel: ACPI: LAPIC_NMI (acpi_id[0x5e] high edge lint[0x1])
4月 12 20:50:26 localhost.localdomain kernel: ACPI: LAPIC_NMI (acpi_id[0x5f] high edge lint[0x1])
4月 12 20:50:26 localhost.localdomain kernel: ACPI: LAPIC_NMI (acpi_id[0x60] high edge lint[0x1])
4月 12 20:50:26 localhost.localdomain kernel: ACPI: LAPIC_NMI (acpi_id[0x61] high edge lint[0x1])
4月 12 20:50:26 localhost.localdomain kernel: ACPI: LAPIC_NMI (acpi_id[0x62] high edge lint[0x1])
4月 12 20:50:26 localhost.localdomain kernel: ACPI: LAPIC_NMI (acpi_id[0x63] high edge lint[0x1])
4月 12 20:50:26 localhost.localdomain kernel: ACPI: LAPIC_NMI (acpi_id[0x64] high edge lint[0x1])
4月 12 20:50:26 localhost.localdomain kernel: ACPI: LAPIC_NMI (acpi_id[0x65] high edge lint[0x1])
4月 12 20:50:26 localhost.localdomain kernel: ACPI: LAPIC_NMI (acpi_id[0x66] high edge lint[0x1])
4月 12 20:50:26 localhost.localdomain kernel: ACPI: LAPIC_NMI (acpi_id[0x67] high edge lint[0x1])
4月 12 20:50:26 localhost.localdomain kernel: ACPI: LAPIC_NMI (acpi_id[0x68] high edge lint[0x1])
4月 12 20:50:26 localhost.localdomain kernel: ACPI: LAPIC_NMI (acpi_id[0x69] high edge lint[0x1])
4月 12 20:50:26 localhost.localdomain kernel: ACPI: LAPIC_NMI (acpi_id[0x6a] high edge lint[0x1])
4月 12 20:50:26 localhost.localdomain kernel: ACPI: LAPIC_NMI (acpi_id[0x6b] high edge lint[0x1])
4月 12 20:50:26 localhost.localdomain kernel: ACPI: LAPIC_NMI (acpi_id[0x6c] high edge lint[0x1])
4月 12 20:50:26 localhost.localdomain kernel: ACPI: LAPIC_NMI (acpi_id[0x6d] high edge lint[0x1])
4月 12 20:50:26 localhost.localdomain kernel: ACPI: LAPIC_NMI (acpi_id[0x6e] high edge lint[0x1])
4月 12 20:50:26 localhost.localdomain kernel: ACPI: LAPIC_NMI (acpi_id[0x6f] high edge lint[0x1])
4月 12 20:50:26 localhost.localdomain kernel: ACPI: LAPIC_NMI (acpi_id[0x70] high edge lint[0x1])
4月 12 20:50:26 localhost.localdomain kernel: ACPI: LAPIC_NMI (acpi_id[0x71] high edge lint[0x1])
4月 12 20:50:26 localhost.localdomain kernel: ACPI: LAPIC_NMI (acpi_id[0x72] high edge lint[0x1])
4月 12 20:50:26 localhost.localdomain kernel: ACPI: LAPIC_NMI (acpi_id[0x73] high edge lint[0x1])
4月 12 20:50:26 localhost.localdomain kernel: ACPI: LAPIC_NMI (acpi_id[0x74] high edge lint[0x1])
4月 12 20:50:26 localhost.localdomain kernel: ACPI: LAPIC_NMI (acpi_id[0x75] high edge lint[0x1])
4月 12 20:50:26 localhost.localdomain kernel: ACPI: LAPIC_NMI (acpi_id[0x76] high edge lint[0x1])
4月 12 20:50:26 localhost.localdomain kernel: ACPI: LAPIC_NMI (acpi_id[0x77] high edge lint[0x1])
4月 12 20:50:26 localhost.localdomain kernel: ACPI: LAPIC_NMI (acpi_id[0x78] high edge lint[0x1])
4月 12 20:50:26 localhost.localdomain kernel: ACPI: LAPIC_NMI (acpi_id[0x79] high edge lint[0x1])
4月 12 20:50:26 localhost.localdomain kernel: ACPI: LAPIC_NMI (acpi_id[0x7a] high edge lint[0x1])
4月 12 20:50:26 localhost.localdomain kernel: ACPI: LAPIC_NMI (acpi_id[0x7b] high edge lint[0x1])
4月 12 20:50:26 localhost.localdomain kernel: ACPI: LAPIC_NMI (acpi_id[0x7c] high edge lint[0x1])
4月 12 20:50:26 localhost.localdomain kernel: ACPI: LAPIC_NMI (acpi_id[0x7d] high edge lint[0x1])
4月 12 20:50:26 localhost.localdomain kernel: ACPI: LAPIC_NMI (acpi_id[0x7e] high edge lint[0x1])
4月 12 20:50:26 localhost.localdomain kernel: ACPI: LAPIC_NMI (acpi_id[0x7f] high edge lint[0x1])
4月 12 20:50:26 localhost.localdomain kernel: IOAPIC[0]: apic_id 128, version 32, address 0xfec00000, GSI 0-23
4月 12 20:50:26 localhost.localdomain kernel: ACPI: INT_SRC_OVR (bus 0 bus_irq 0 global_irq 2 high edge)
4月 12 20:50:26 localhost.localdomain kernel: ACPI: IRQ0 used by override.
4月 12 20:50:26 localhost.localdomain kernel: ACPI: IRQ9 used by override.
4月 12 20:50:26 localhost.localdomain kernel: Using ACPI (MADT) for SMP configuration information
4月 12 20:50:26 localhost.localdomain kernel: ACPI: HPET id: 0x8086af01 base: 0xfed00000
4月 12 20:50:26 localhost.localdomain kernel: smpboot: Allowing 128 CPUs, 124 hotplug CPUs
4月 12 20:50:26 localhost.localdomain kernel: PM: Registered nosave memory: [mem 0x00000000-0x00000fff]
4月 12 20:50:26 localhost.localdomain kernel: PM: Registered nosave memory: [mem 0x00097000-0x00097fff]
4月 12 20:50:26 localhost.localdomain kernel: PM: Registered nosave memory: [mem 0x00098000-0x0009ffff]
4月 12 20:50:26 localhost.localdomain kernel: PM: Registered nosave memory: [mem 0x000a0000-0x000cdfff]
4月 12 20:50:26 localhost.localdomain kernel: PM: Registered nosave memory: [mem 0x000ce000-0x000cffff]
4月 12 20:50:26 localhost.localdomain kernel: PM: Registered nosave memory: [mem 0x000d0000-0x000dbfff]
4月 12 20:50:26 localhost.localdomain kernel: PM: Registered nosave memory: [mem 0x000dc000-0x000fffff]
4月 12 20:50:26 localhost.localdomain kernel: PM: Registered nosave memory: [mem 0xbfed0000-0xbfefefff]
4月 12 20:50:26 localhost.localdomain kernel: PM: Registered nosave memory: [mem 0xbfeff000-0xbfefffff]
4月 12 20:50:26 localhost.localdomain kernel: PM: Registered nosave memory: [mem 0xc0000000-0xefffffff]
4月 12 20:50:26 localhost.localdomain kernel: PM: Registered nosave memory: [mem 0xf0000000-0xf7ffffff]
4月 12 20:50:26 localhost.localdomain kernel: PM: Registered nosave memory: [mem 0xf8000000-0xfebfffff]
4月 12 20:50:26 localhost.localdomain kernel: PM: Registered nosave memory: [mem 0xfec00000-0xfec0ffff]
4月 12 20:50:26 localhost.localdomain kernel: PM: Registered nosave memory: [mem 0xfec10000-0xfedfffff]
4月 12 20:50:26 localhost.localdomain kernel: PM: Registered nosave memory: [mem 0xfee00000-0xfee00fff]
4月 12 20:50:26 localhost.localdomain kernel: PM: Registered nosave memory: [mem 0xfee01000-0xfffdffff]
4月 12 20:50:26 localhost.localdomain kernel: PM: Registered nosave memory: [mem 0xfffe0000-0xffffffff]
4月 12 20:50:26 localhost.localdomain kernel: [mem 0xc0000000-0xefffffff] available for PCI devices
4月 12 20:50:26 localhost.localdomain kernel: Booting paravirtualized kernel on VMware hypervisor
4月 12 20:50:26 localhost.localdomain kernel: clocksource: refined-jiffies: mask: 0xffffffff max_cycles: 0xffffffff, max_idle_ns: 1910969940391419 ns
4月 12 20:50:26 localhost.localdomain kernel: setup_percpu: NR_CPUS:8192 nr_cpumask_bits:128 nr_cpu_ids:128 nr_node_ids:1
4月 12 20:50:26 localhost.localdomain kernel: percpu: Embedded 55 pages/cpu s188184 r8192 d28904 u262144
4月 12 20:50:26 localhost.localdomain kernel: pcpu-alloc: s188184 r8192 d28904 u262144 alloc=1*2097152
4月 12 20:50:26 localhost.localdomain kernel: pcpu-alloc: [0] 000 001 002 003 004 005 006 007 
4月 12 20:50:26 localhost.localdomain kernel: pcpu-alloc: [0] 008 009 010 011 012 013 014 015 
4月 12 20:50:26 localhost.localdomain kernel: pcpu-alloc: [0] 016 017 018 019 020 021 022 023 
4月 12 20:50:26 localhost.localdomain kernel: pcpu-alloc: [0] 024 025 026 027 028 029 030 031 
4月 12 20:50:26 localhost.localdomain kernel: pcpu-alloc: [0] 032 033 034 035 036 037 038 039 
4月 12 20:50:26 localhost.localdomain kernel: pcpu-alloc: [0] 040 041 042 043 044 045 046 047 
4月 12 20:50:26 localhost.localdomain kernel: pcpu-alloc: [0] 048 049 050 051 052 053 054 055 
4月 12 20:50:26 localhost.localdomain kernel: pcpu-alloc: [0] 056 057 058 059 060 061 062 063 
4月 12 20:50:26 localhost.localdomain kernel: pcpu-alloc: [0] 064 065 066 067 068 069 070 071 
4月 12 20:50:26 localhost.localdomain kernel: pcpu-alloc: [0] 072 073 074 075 076 077 078 079 
4月 12 20:50:26 localhost.localdomain kernel: pcpu-alloc: [0] 080 081 082 083 084 085 086 087 
4月 12 20:50:26 localhost.localdomain kernel: pcpu-alloc: [0] 088 089 090 091 092 093 094 095 
4月 12 20:50:26 localhost.localdomain kernel: pcpu-alloc: [0] 096 097 098 099 100 101 102 103 
4月 12 20:50:26 localhost.localdomain kernel: pcpu-alloc: [0] 104 105 106 107 108 109 110 111 
4月 12 20:50:26 localhost.localdomain kernel: pcpu-alloc: [0] 112 113 114 115 116 117 118 119 
4月 12 20:50:26 localhost.localdomain kernel: pcpu-alloc: [0] 120 121 122 123 124 125 126 127 
4月 12 20:50:26 localhost.localdomain kernel: Built 1 zonelists, mobility grouping on.  Total pages: 1031888
4月 12 20:50:26 localhost.localdomain kernel: Policy zone: Normal
4月 12 20:50:26 localhost.localdomain kernel: Kernel command line: BOOT_IMAGE=/vmlinuz-5.5.11-1.el7.elrepo.x86_64 root=UUID=51da67c8-0f02-49d2-b8e7-929221ba9e71 ro crashkernel=auto spectre_v2=retpoline rhgb quiet LANG=zh_CN.UTF-8
4月 12 20:50:26 localhost.localdomain kernel: printk: log_buf_len individual max cpu contribution: 4096 bytes
4月 12 20:50:26 localhost.localdomain kernel: printk: log_buf_len total cpu_extra contributions: 520192 bytes
4月 12 20:50:26 localhost.localdomain kernel: printk: log_buf_len min size: 524288 bytes
4月 12 20:50:26 localhost.localdomain kernel: printk: log_buf_len: 1048576 bytes
4月 12 20:50:26 localhost.localdomain kernel: printk: early log buf free: 497680(94%)
4月 12 20:50:26 localhost.localdomain kernel: Dentry cache hash table entries: 524288 (order: 10, 4194304 bytes, linear)
4月 12 20:50:26 localhost.localdomain kernel: Inode-cache hash table entries: 262144 (order: 9, 2097152 bytes, linear)
4月 12 20:50:26 localhost.localdomain kernel: mem auto-init: stack:off, heap alloc:off, heap free:off
4月 12 20:50:26 localhost.localdomain kernel: Memory: 3977912K/4193688K available (12291K kernel code, 2132K rwdata, 4152K rodata, 2428K init, 3520K bss, 215776K reserved, 0K cma-reserved)
4月 12 20:50:26 localhost.localdomain kernel: SLUB: HWalign=64, Order=0-3, MinObjects=0, CPUs=128, Nodes=1
4月 12 20:50:26 localhost.localdomain kernel: ftrace: allocating 38745 entries in 152 pages
4月 12 20:50:26 localhost.localdomain kernel: ftrace: allocated 152 pages with 3 groups
4月 12 20:50:26 localhost.localdomain kernel: rcu: Hierarchical RCU implementation.
4月 12 20:50:26 localhost.localdomain kernel: rcu:         RCU restricting CPUs from NR_CPUS=8192 to nr_cpu_ids=128.
4月 12 20:50:26 localhost.localdomain kernel: rcu: RCU calculated value of scheduler-enlistment delay is 100 jiffies.
4月 12 20:50:26 localhost.localdomain kernel: rcu: Adjusting geometry for rcu_fanout_leaf=16, nr_cpu_ids=128
4月 12 20:50:26 localhost.localdomain kernel: NR_IRQS: 524544, nr_irqs: 1448, preallocated irqs: 16
4月 12 20:50:26 localhost.localdomain kernel: random: get_random_bytes called from start_kernel+0x37f/0x583 with crng_init=0
4月 12 20:50:26 localhost.localdomain kernel: Console: colour VGA+ 80x25
4月 12 20:50:26 localhost.localdomain kernel: printk: console [tty0] enabled
4月 12 20:50:26 localhost.localdomain kernel: ACPI: Core revision 20191018
4月 12 20:50:26 localhost.localdomain kernel: clocksource: hpet: mask: 0xffffffff max_cycles: 0xffffffff, max_idle_ns: 133484882848 ns
4月 12 20:50:26 localhost.localdomain kernel: APIC: Switch to symmetric I/O mode setup
4月 12 20:50:26 localhost.localdomain kernel: x2apic enabled
4月 12 20:50:26 localhost.localdomain kernel: Switched APIC routing to physical x2apic.
4月 12 20:50:26 localhost.localdomain kernel: ..TIMER: vector=0x30 apic1=0 pin1=2 apic2=-1 pin2=-1
4月 12 20:50:26 localhost.localdomain kernel: clocksource: tsc-early: mask: 0xffffffffffffffff max_cycles: 0x33e451ab1a6, max_idle_ns: 440795278720 ns
4月 12 20:50:26 localhost.localdomain kernel: Calibrating delay loop (skipped) preset value.. 7199.99 BogoMIPS (lpj=3599998)
4月 12 20:50:26 localhost.localdomain kernel: pid_max: default: 131072 minimum: 1024
4月 12 20:50:26 localhost.localdomain kernel: LSM: Security Framework initializing
4月 12 20:50:26 localhost.localdomain kernel: SELinux:  Initializing.
4月 12 20:50:26 localhost.localdomain kernel: *** VALIDATE SELinux ***
4月 12 20:50:26 localhost.localdomain kernel: Mount-cache hash table entries: 8192 (order: 4, 65536 bytes, linear)
4月 12 20:50:26 localhost.localdomain kernel: Mountpoint-cache hash table entries: 8192 (order: 4, 65536 bytes, linear)
4月 12 20:50:26 localhost.localdomain kernel: *** VALIDATE tmpfs ***
4月 12 20:50:26 localhost.localdomain kernel: *** VALIDATE proc ***
4月 12 20:50:26 localhost.localdomain kernel: *** VALIDATE cgroup1 ***
4月 12 20:50:26 localhost.localdomain kernel: *** VALIDATE cgroup2 ***
4月 12 20:50:26 localhost.localdomain kernel: Disabled fast string operations
4月 12 20:50:26 localhost.localdomain kernel: Last level iTLB entries: 4KB 64, 2MB 8, 4MB 8
4月 12 20:50:26 localhost.localdomain kernel: Last level dTLB entries: 4KB 64, 2MB 0, 4MB 0, 1GB 4
4月 12 20:50:26 localhost.localdomain kernel: Spectre V1 : Mitigation: usercopy/swapgs barriers and __user pointer sanitization
4月 12 20:50:26 localhost.localdomain kernel: Spectre V2 : retpoline selected on command line.
4月 12 20:50:26 localhost.localdomain kernel: Spectre V2 : Mitigation: Full generic retpoline
4月 12 20:50:26 localhost.localdomain kernel: Spectre V2 : Spectre v2 / SpectreRSB mitigation: Filling RSB on context switch
4月 12 20:50:26 localhost.localdomain kernel: Spectre V2 : Enabling Restricted Speculation for firmware calls
4月 12 20:50:26 localhost.localdomain kernel: Spectre V2 : mitigation: Enabling conditional Indirect Branch Prediction Barrier
4月 12 20:50:26 localhost.localdomain kernel: Speculative Store Bypass: Mitigation: Speculative Store Bypass disabled via prctl and seccomp
4月 12 20:50:26 localhost.localdomain kernel: Freeing SMP alternatives memory: 32K
4月 12 20:50:26 localhost.localdomain kernel: smpboot: CPU0: Intel(R) Core(TM) i9-9900KF CPU @ 3.60GHz (family: 0x6, model: 0x9e, stepping: 0xd)
4月 12 20:50:26 localhost.localdomain kernel: Performance Events: Skylake events, core PMU driver.
4月 12 20:50:26 localhost.localdomain kernel: core: CPUID marked event: 'cpu cycles' unavailable
4月 12 20:50:26 localhost.localdomain kernel: core: CPUID marked event: 'instructions' unavailable
4月 12 20:50:26 localhost.localdomain kernel: core: CPUID marked event: 'bus cycles' unavailable
4月 12 20:50:26 localhost.localdomain kernel: core: CPUID marked event: 'cache references' unavailable
4月 12 20:50:26 localhost.localdomain kernel: core: CPUID marked event: 'cache misses' unavailable
4月 12 20:50:26 localhost.localdomain kernel: core: CPUID marked event: 'branch instructions' unavailable
4月 12 20:50:26 localhost.localdomain kernel: core: CPUID marked event: 'branch misses' unavailable
4月 12 20:50:26 localhost.localdomain kernel: ... version:                1
4月 12 20:50:26 localhost.localdomain kernel: ... bit width:              48
4月 12 20:50:26 localhost.localdomain kernel: ... generic registers:      4
4月 12 20:50:26 localhost.localdomain kernel: ... value mask:             0000ffffffffffff
4月 12 20:50:26 localhost.localdomain kernel: ... max period:             000000007fffffff
4月 12 20:50:26 localhost.localdomain kernel: ... fixed-purpose events:   0
4月 12 20:50:26 localhost.localdomain kernel: ... event mask:             000000000000000f
4月 12 20:50:26 localhost.localdomain kernel: rcu: Hierarchical SRCU implementation.
4月 12 20:50:26 localhost.localdomain kernel: NMI watchdog: Perf NMI watchdog permanently disabled
4月 12 20:50:26 localhost.localdomain kernel: smp: Bringing up secondary CPUs ...
4月 12 20:50:26 localhost.localdomain kernel: x86: Booting SMP configuration:
4月 12 20:50:26 localhost.localdomain kernel: .... node  #0, CPUs:          #1
4月 12 20:50:26 localhost.localdomain kernel: Disabled fast string operations
4月 12 20:50:26 localhost.localdomain kernel:    #2
4月 12 20:50:26 localhost.localdomain kernel: Disabled fast string operations
4月 12 20:50:26 localhost.localdomain kernel:    #3
4月 12 20:50:26 localhost.localdomain kernel: Disabled fast string operations
4月 12 20:50:26 localhost.localdomain kernel: smp: Brought up 1 node, 4 CPUs
4月 12 20:50:26 localhost.localdomain kernel: smpboot: Max logical packages: 32
4月 12 20:50:26 localhost.localdomain kernel: smpboot: Total of 4 processors activated (28799.98 BogoMIPS)
4月 12 20:50:26 localhost.localdomain kernel: devtmpfs: initialized
4月 12 20:50:26 localhost.localdomain kernel: x86/mm: Memory block size: 128MB
4月 12 20:50:26 localhost.localdomain kernel: PM: Registering ACPI NVS region [mem 0xbfeff000-0xbfefffff] (4096 bytes)
4月 12 20:50:26 localhost.localdomain kernel: clocksource: jiffies: mask: 0xffffffff max_cycles: 0xffffffff, max_idle_ns: 1911260446275000 ns
4月 12 20:50:26 localhost.localdomain kernel: futex hash table entries: 32768 (order: 9, 2097152 bytes, linear)
4月 12 20:50:26 localhost.localdomain kernel: pinctrl core: initialized pinctrl subsystem
4月 12 20:50:26 localhost.localdomain kernel: thermal_sys: Registered thermal governor 'fair_share'
4月 12 20:50:26 localhost.localdomain kernel: thermal_sys: Registered thermal governor 'bang_bang'
4月 12 20:50:26 localhost.localdomain kernel: thermal_sys: Registered thermal governor 'step_wise'
4月 12 20:50:26 localhost.localdomain kernel: thermal_sys: Registered thermal governor 'user_space'
4月 12 20:50:26 localhost.localdomain kernel: NET: Registered protocol family 16
4月 12 20:50:26 localhost.localdomain kernel: audit: initializing netlink subsys (disabled)
4月 12 20:50:26 localhost.localdomain kernel: audit: type=2000 audit(1649767825.046:1): state=initialized audit_enabled=0 res=1
4月 12 20:50:26 localhost.localdomain kernel: cpuidle: using governor menu
4月 12 20:50:26 localhost.localdomain kernel: Simple Boot Flag at 0x36 set to 0x80
4月 12 20:50:26 localhost.localdomain kernel: ACPI: bus type PCI registered
4月 12 20:50:26 localhost.localdomain kernel: acpiphp: ACPI Hot Plug PCI Controller Driver version: 0.5
4月 12 20:50:26 localhost.localdomain kernel: PCI: MMCONFIG for domain 0000 [bus 00-7f] at [mem 0xf0000000-0xf7ffffff] (base 0xf0000000)
4月 12 20:50:26 localhost.localdomain kernel: PCI: MMCONFIG at [mem 0xf0000000-0xf7ffffff] reserved in E820
4月 12 20:50:26 localhost.localdomain kernel: PCI: Using configuration type 1 for base access
4月 12 20:50:26 localhost.localdomain kernel: HugeTLB registered 1.00 GiB page size, pre-allocated 0 pages
4月 12 20:50:26 localhost.localdomain kernel: HugeTLB registered 2.00 MiB page size, pre-allocated 0 pages
4月 12 20:50:26 localhost.localdomain kernel: ACPI: Added _OSI(Module Device)
4月 12 20:50:26 localhost.localdomain kernel: ACPI: Added _OSI(Processor Device)
4月 12 20:50:26 localhost.localdomain kernel: ACPI: Added _OSI(3.0 _SCP Extensions)
4月 12 20:50:26 localhost.localdomain kernel: ACPI: Added _OSI(Processor Aggregator Device)
4月 12 20:50:26 localhost.localdomain kernel: ACPI: Added _OSI(Linux-Dell-Video)
4月 12 20:50:26 localhost.localdomain kernel: ACPI: Added _OSI(Linux-Lenovo-NV-HDMI-Audio)
4月 12 20:50:26 localhost.localdomain kernel: ACPI: Added _OSI(Linux-HPI-Hybrid-Graphics)
4月 12 20:50:26 localhost.localdomain kernel: ACPI: 1 ACPI AML tables successfully acquired and loaded
4月 12 20:50:26 localhost.localdomain kernel: ACPI: [Firmware Bug]: BIOS _OSI(Linux) query ignored
4月 12 20:50:26 localhost.localdomain kernel: ACPI: Interpreter enabled
4月 12 20:50:26 localhost.localdomain kernel: ACPI: (supports S0 S1 S4 S5)
4月 12 20:50:26 localhost.localdomain kernel: ACPI: Using IOAPIC for interrupt routing
4月 12 20:50:26 localhost.localdomain kernel: PCI: Using host bridge windows from ACPI; if necessary, use "pci=nocrs" and report a bug
4月 12 20:50:26 localhost.localdomain kernel: ACPI: Enabled 4 GPEs in block 00 to 0F
4月 12 20:50:26 localhost.localdomain kernel: ACPI: PCI Root Bridge [PCI0] (domain 0000 [bus 00-7f])
4月 12 20:50:26 localhost.localdomain kernel: acpi PNP0A03:00: _OSC: OS supports [ExtendedConfig ASPM ClockPM Segments MSI HPX-Type3]
4月 12 20:50:26 localhost.localdomain kernel: acpi PNP0A03:00: _OSC: platform does not support [AER LTR]
4月 12 20:50:26 localhost.localdomain kernel: acpi PNP0A03:00: _OSC: OS now controls [PCIeHotplug PME PCIeCapability]
4月 12 20:50:26 localhost.localdomain kernel: PCI host bridge to bus 0000:00
4月 12 20:50:26 localhost.localdomain kernel: pci_bus 0000:00: root bus resource [mem 0x000a0000-0x000bffff window]
4月 12 20:50:26 localhost.localdomain kernel: pci_bus 0000:00: root bus resource [mem 0x000d0000-0x000d3fff window]
4月 12 20:50:26 localhost.localdomain kernel: pci_bus 0000:00: root bus resource [mem 0x000d4000-0x000d7fff window]
4月 12 20:50:26 localhost.localdomain kernel: pci_bus 0000:00: root bus resource [mem 0x000d8000-0x000dbfff window]
4月 12 20:50:26 localhost.localdomain kernel: pci_bus 0000:00: root bus resource [mem 0xc0000000-0xfebfffff window]
4月 12 20:50:26 localhost.localdomain kernel: pci_bus 0000:00: root bus resource [io  0x0000-0x0cf7 window]
4月 12 20:50:26 localhost.localdomain kernel: pci_bus 0000:00: root bus resource [io  0x0d00-0xfeff window]
4月 12 20:50:26 localhost.localdomain kernel: pci_bus 0000:00: root bus resource [bus 00-7f]
4月 12 20:50:26 localhost.localdomain kernel: pci 0000:00:00.0: [8086:7190] type 00 class 0x060000
4月 12 20:50:26 localhost.localdomain kernel: pci 0000:00:01.0: [8086:7191] type 01 class 0x060400
4月 12 20:50:26 localhost.localdomain kernel: pci 0000:00:07.0: [8086:7110] type 00 class 0x060100
4月 12 20:50:26 localhost.localdomain kernel: pci 0000:00:07.1: [8086:7111] type 00 class 0x01018a
4月 12 20:50:26 localhost.localdomain kernel: pci 0000:00:07.1: reg 0x20: [io  0x1060-0x106f]
4月 12 20:50:26 localhost.localdomain kernel: pci 0000:00:07.1: legacy IDE quirk: reg 0x10: [io  0x01f0-0x01f7]
4月 12 20:50:26 localhost.localdomain kernel: pci 0000:00:07.1: legacy IDE quirk: reg 0x14: [io  0x03f6]
4月 12 20:50:26 localhost.localdomain kernel: pci 0000:00:07.1: legacy IDE quirk: reg 0x18: [io  0x0170-0x0177]
4月 12 20:50:26 localhost.localdomain kernel: pci 0000:00:07.1: legacy IDE quirk: reg 0x1c: [io  0x0376]
4月 12 20:50:26 localhost.localdomain kernel: pci 0000:00:07.3: [8086:7113] type 00 class 0x068000
4月 12 20:50:26 localhost.localdomain kernel: pci 0000:00:07.3: quirk: [io  0x1000-0x103f] claimed by PIIX4 ACPI
4月 12 20:50:26 localhost.localdomain kernel: pci 0000:00:07.3: quirk: [io  0x1040-0x104f] claimed by PIIX4 SMB
4月 12 20:50:26 localhost.localdomain kernel: pci 0000:00:07.7: [15ad:0740] type 00 class 0x088000
4月 12 20:50:26 localhost.localdomain kernel: pci 0000:00:07.7: reg 0x10: [io  0x1080-0x10bf]
4月 12 20:50:26 localhost.localdomain kernel: pci 0000:00:07.7: reg 0x14: [mem 0xfebfe000-0xfebfffff 64bit]
4月 12 20:50:26 localhost.localdomain kernel: pci 0000:00:0f.0: [15ad:0405] type 00 class 0x030000
4月 12 20:50:26 localhost.localdomain kernel: pci 0000:00:0f.0: reg 0x10: [io  0x1070-0x107f]
4月 12 20:50:26 localhost.localdomain kernel: pci 0000:00:0f.0: reg 0x14: [mem 0xe8000000-0xefffffff pref]
4月 12 20:50:26 localhost.localdomain kernel: pci 0000:00:0f.0: reg 0x18: [mem 0xfe000000-0xfe7fffff]
4月 12 20:50:26 localhost.localdomain kernel: pci 0000:00:0f.0: reg 0x30: [mem 0x00000000-0x00007fff pref]
4月 12 20:50:26 localhost.localdomain kernel: pci 0000:00:11.0: [15ad:0790] type 01 class 0x060401
4月 12 20:50:26 localhost.localdomain kernel: pci 0000:00:15.0: [15ad:07a0] type 01 class 0x060400
4月 12 20:50:26 localhost.localdomain kernel: pci 0000:00:15.0: PME# supported from D0 D3hot D3cold
4月 12 20:50:26 localhost.localdomain kernel: pci 0000:00:15.1: [15ad:07a0] type 01 class 0x060400
4月 12 20:50:26 localhost.localdomain kernel: pci 0000:00:15.1: PME# supported from D0 D3hot D3cold
4月 12 20:50:26 localhost.localdomain kernel: pci 0000:00:15.2: [15ad:07a0] type 01 class 0x060400
4月 12 20:50:26 localhost.localdomain kernel: pci 0000:00:15.2: PME# supported from D0 D3hot D3cold
4月 12 20:50:26 localhost.localdomain kernel: pci 0000:00:15.3: [15ad:07a0] type 01 class 0x060400
4月 12 20:50:26 localhost.localdomain kernel: pci 0000:00:15.3: PME# supported from D0 D3hot D3cold
4月 12 20:50:26 localhost.localdomain kernel: pci 0000:00:15.4: [15ad:07a0] type 01 class 0x060400
4月 12 20:50:26 localhost.localdomain kernel: pci 0000:00:15.4: PME# supported from D0 D3hot D3cold
4月 12 20:50:26 localhost.localdomain kernel: pci 0000:00:15.5: [15ad:07a0] type 01 class 0x060400
4月 12 20:50:26 localhost.localdomain kernel: pci 0000:00:15.5: PME# supported from D0 D3hot D3cold
4月 12 20:50:26 localhost.localdomain kernel: pci 0000:00:15.6: [15ad:07a0] type 01 class 0x060400
4月 12 20:50:26 localhost.localdomain kernel: pci 0000:00:15.6: PME# supported from D0 D3hot D3cold
4月 12 20:50:26 localhost.localdomain kernel: pci 0000:00:15.7: [15ad:07a0] type 01 class 0x060400
4月 12 20:50:26 localhost.localdomain kernel: pci 0000:00:15.7: PME# supported from D0 D3hot D3cold
4月 12 20:50:26 localhost.localdomain kernel: pci 0000:00:16.0: [15ad:07a0] type 01 class 0x060400
4月 12 20:50:26 localhost.localdomain kernel: pci 0000:00:16.0: PME# supported from D0 D3hot D3cold
4月 12 20:50:26 localhost.localdomain kernel: pci 0000:00:16.1: [15ad:07a0] type 01 class 0x060400
4月 12 20:50:26 localhost.localdomain kernel: pci 0000:00:16.1: PME# supported from D0 D3hot D3cold
4月 12 20:50:26 localhost.localdomain kernel: pci 0000:00:16.2: [15ad:07a0] type 01 class 0x060400
4月 12 20:50:26 localhost.localdomain kernel: pci 0000:00:16.2: PME# supported from D0 D3hot D3cold
4月 12 20:50:26 localhost.localdomain kernel: pci 0000:00:16.3: [15ad:07a0] type 01 class 0x060400
4月 12 20:50:26 localhost.localdomain kernel: pci 0000:00:16.3: PME# supported from D0 D3hot D3cold
4月 12 20:50:26 localhost.localdomain kernel: pci 0000:00:16.4: [15ad:07a0] type 01 class 0x060400
4月 12 20:50:26 localhost.localdomain kernel: pci 0000:00:16.4: PME# supported from D0 D3hot D3cold
4月 12 20:50:26 localhost.localdomain kernel: pci 0000:00:16.5: [15ad:07a0] type 01 class 0x060400
4月 12 20:50:26 localhost.localdomain kernel: pci 0000:00:16.5: PME# supported from D0 D3hot D3cold
4月 12 20:50:26 localhost.localdomain kernel: pci 0000:00:16.6: [15ad:07a0] type 01 class 0x060400
4月 12 20:50:26 localhost.localdomain kernel: pci 0000:00:16.6: PME# supported from D0 D3hot D3cold
4月 12 20:50:26 localhost.localdomain kernel: pci 0000:00:16.7: [15ad:07a0] type 01 class 0x060400
4月 12 20:50:26 localhost.localdomain kernel: pci 0000:00:16.7: PME# supported from D0 D3hot D3cold
4月 12 20:50:26 localhost.localdomain kernel: pci 0000:00:17.0: [15ad:07a0] type 01 class 0x060400
4月 12 20:50:26 localhost.localdomain kernel: pci 0000:00:17.0: PME# supported from D0 D3hot D3cold
4月 12 20:50:26 localhost.localdomain kernel: pci 0000:00:17.1: [15ad:07a0] type 01 class 0x060400
4月 12 20:50:26 localhost.localdomain kernel: pci 0000:00:17.1: PME# supported from D0 D3hot D3cold
4月 12 20:50:26 localhost.localdomain kernel: pci 0000:00:17.2: [15ad:07a0] type 01 class 0x060400
4月 12 20:50:26 localhost.localdomain kernel: pci 0000:00:17.2: PME# supported from D0 D3hot D3cold
4月 12 20:50:26 localhost.localdomain kernel: pci 0000:00:17.3: [15ad:07a0] type 01 class 0x060400
4月 12 20:50:26 localhost.localdomain kernel: pci 0000:00:17.3: PME# supported from D0 D3hot D3cold
4月 12 20:50:26 localhost.localdomain kernel: pci 0000:00:17.4: [15ad:07a0] type 01 class 0x060400
4月 12 20:50:26 localhost.localdomain kernel: pci 0000:00:17.4: PME# supported from D0 D3hot D3cold
4月 12 20:50:26 localhost.localdomain kernel: pci 0000:00:17.5: [15ad:07a0] type 01 class 0x060400
4月 12 20:50:26 localhost.localdomain kernel: pci 0000:00:17.5: PME# supported from D0 D3hot D3cold
4月 12 20:50:26 localhost.localdomain kernel: pci 0000:00:17.6: [15ad:07a0] type 01 class 0x060400
4月 12 20:50:26 localhost.localdomain kernel: pci 0000:00:17.6: PME# supported from D0 D3hot D3cold
4月 12 20:50:26 localhost.localdomain kernel: pci 0000:00:17.7: [15ad:07a0] type 01 class 0x060400
4月 12 20:50:26 localhost.localdomain kernel: pci 0000:00:17.7: PME# supported from D0 D3hot D3cold
4月 12 20:50:26 localhost.localdomain kernel: pci 0000:00:18.0: [15ad:07a0] type 01 class 0x060400
4月 12 20:50:26 localhost.localdomain kernel: pci 0000:00:18.0: PME# supported from D0 D3hot D3cold
4月 12 20:50:26 localhost.localdomain kernel: pci 0000:00:18.1: [15ad:07a0] type 01 class 0x060400
4月 12 20:50:26 localhost.localdomain kernel: pci 0000:00:18.1: PME# supported from D0 D3hot D3cold
4月 12 20:50:26 localhost.localdomain kernel: pci 0000:00:18.2: [15ad:07a0] type 01 class 0x060400
4月 12 20:50:26 localhost.localdomain kernel: pci 0000:00:18.2: PME# supported from D0 D3hot D3cold
4月 12 20:50:26 localhost.localdomain kernel: pci 0000:00:18.3: [15ad:07a0] type 01 class 0x060400
4月 12 20:50:26 localhost.localdomain kernel: pci 0000:00:18.3: PME# supported from D0 D3hot D3cold
4月 12 20:50:26 localhost.localdomain kernel: pci 0000:00:18.4: [15ad:07a0] type 01 class 0x060400
4月 12 20:50:26 localhost.localdomain kernel: pci 0000:00:18.4: PME# supported from D0 D3hot D3cold
4月 12 20:50:26 localhost.localdomain kernel: pci 0000:00:18.5: [15ad:07a0] type 01 class 0x060400
4月 12 20:50:26 localhost.localdomain kernel: pci 0000:00:18.5: PME# supported from D0 D3hot D3cold
4月 12 20:50:26 localhost.localdomain kernel: pci 0000:00:18.6: [15ad:07a0] type 01 class 0x060400
4月 12 20:50:26 localhost.localdomain kernel: pci 0000:00:18.6: PME# supported from D0 D3hot D3cold
4月 12 20:50:26 localhost.localdomain kernel: pci 0000:00:18.7: [15ad:07a0] type 01 class 0x060400
4月 12 20:50:26 localhost.localdomain kernel: pci 0000:00:18.7: PME# supported from D0 D3hot D3cold
4月 12 20:50:26 localhost.localdomain kernel: pci_bus 0000:01: extended config space not accessible
4月 12 20:50:26 localhost.localdomain kernel: pci 0000:00:01.0: PCI bridge to [bus 01]
4月 12 20:50:26 localhost.localdomain kernel: pci_bus 0000:02: extended config space not accessible
4月 12 20:50:26 localhost.localdomain kernel: acpiphp: Slot [32] registered
4月 12 20:50:26 localhost.localdomain kernel: acpiphp: Slot [33] registered
4月 12 20:50:26 localhost.localdomain kernel: acpiphp: Slot [34] registered
4月 12 20:50:26 localhost.localdomain kernel: acpiphp: Slot [35] registered
4月 12 20:50:26 localhost.localdomain kernel: acpiphp: Slot [36] registered
4月 12 20:50:26 localhost.localdomain kernel: acpiphp: Slot [37] registered
4月 12 20:50:26 localhost.localdomain kernel: acpiphp: Slot [38] registered
4月 12 20:50:26 localhost.localdomain kernel: acpiphp: Slot [39] registered
4月 12 20:50:26 localhost.localdomain kernel: acpiphp: Slot [40] registered
4月 12 20:50:26 localhost.localdomain kernel: acpiphp: Slot [41] registered
4月 12 20:50:26 localhost.localdomain kernel: acpiphp: Slot [42] registered
4月 12 20:50:26 localhost.localdomain kernel: acpiphp: Slot [43] registered
4月 12 20:50:26 localhost.localdomain kernel: acpiphp: Slot [44] registered
4月 12 20:50:26 localhost.localdomain kernel: acpiphp: Slot [45] registered
4月 12 20:50:26 localhost.localdomain kernel: acpiphp: Slot [46] registered
4月 12 20:50:26 localhost.localdomain kernel: acpiphp: Slot [47] registered
4月 12 20:50:26 localhost.localdomain kernel: acpiphp: Slot [48] registered
4月 12 20:50:26 localhost.localdomain kernel: acpiphp: Slot [49] registered
4月 12 20:50:26 localhost.localdomain kernel: acpiphp: Slot [50] registered
4月 12 20:50:26 localhost.localdomain kernel: acpiphp: Slot [51] registered
4月 12 20:50:26 localhost.localdomain kernel: acpiphp: Slot [52] registered
4月 12 20:50:26 localhost.localdomain kernel: acpiphp: Slot [53] registered
4月 12 20:50:26 localhost.localdomain kernel: acpiphp: Slot [54] registered
4月 12 20:50:26 localhost.localdomain kernel: acpiphp: Slot [55] registered
4月 12 20:50:26 localhost.localdomain kernel: acpiphp: Slot [56] registered
4月 12 20:50:26 localhost.localdomain kernel: acpiphp: Slot [57] registered
4月 12 20:50:26 localhost.localdomain kernel: acpiphp: Slot [58] registered
4月 12 20:50:26 localhost.localdomain kernel: acpiphp: Slot [59] registered
4月 12 20:50:26 localhost.localdomain kernel: acpiphp: Slot [60] registered
4月 12 20:50:26 localhost.localdomain kernel: acpiphp: Slot [61] registered
4月 12 20:50:26 localhost.localdomain kernel: acpiphp: Slot [62] registered
4月 12 20:50:26 localhost.localdomain kernel: acpiphp: Slot [63] registered
4月 12 20:50:26 localhost.localdomain kernel: pci 0000:02:00.0: [15ad:0774] type 00 class 0x0c0300
4月 12 20:50:26 localhost.localdomain kernel: pci 0000:02:00.0: reg 0x20: [io  0x2080-0x209f]
4月 12 20:50:26 localhost.localdomain kernel: pci 0000:02:01.0: [8086:100f] type 00 class 0x020000
4月 12 20:50:26 localhost.localdomain kernel: pci 0000:02:01.0: reg 0x10: [mem 0xfd5c0000-0xfd5dffff 64bit]
4月 12 20:50:26 localhost.localdomain kernel: pci 0000:02:01.0: reg 0x18: [mem 0xfdff0000-0xfdffffff 64bit]
4月 12 20:50:26 localhost.localdomain kernel: pci 0000:02:01.0: reg 0x20: [io  0x2000-0x203f]
4月 12 20:50:26 localhost.localdomain kernel: pci 0000:02:01.0: reg 0x30: [mem 0x00000000-0x0000ffff pref]
4月 12 20:50:26 localhost.localdomain kernel: pci 0000:02:01.0: PME# supported from D0 D3hot D3cold
4月 12 20:50:26 localhost.localdomain kernel: pci 0000:02:02.0: [1274:1371] type 00 class 0x040100
4月 12 20:50:26 localhost.localdomain kernel: pci 0000:02:02.0: reg 0x10: [io  0x2040-0x207f]
4月 12 20:50:26 localhost.localdomain kernel: pci 0000:02:03.0: [15ad:0770] type 00 class 0x0c0320
4月 12 20:50:26 localhost.localdomain kernel: pci 0000:02:03.0: reg 0x10: [mem 0xfd5ef000-0xfd5effff]
4月 12 20:50:26 localhost.localdomain kernel: pci 0000:02:04.0: [15ad:07e0] type 00 class 0x010601
4月 12 20:50:26 localhost.localdomain kernel: pci 0000:02:04.0: reg 0x24: [mem 0xfd5ee000-0xfd5eefff]
4月 12 20:50:26 localhost.localdomain kernel: pci 0000:02:04.0: reg 0x30: [mem 0x00000000-0x0000ffff pref]
4月 12 20:50:26 localhost.localdomain kernel: pci 0000:02:04.0: PME# supported from D3hot
4月 12 20:50:26 localhost.localdomain kernel: pci 0000:00:11.0: PCI bridge to [bus 02] (subtractive decode)
4月 12 20:50:26 localhost.localdomain kernel: pci 0000:00:11.0:   bridge window [io  0x2000-0x3fff]
4月 12 20:50:26 localhost.localdomain kernel: pci 0000:00:11.0:   bridge window [mem 0xfd500000-0xfdffffff]
4月 12 20:50:26 localhost.localdomain kernel: pci 0000:00:11.0:   bridge window [mem 0xe7b00000-0xe7ffffff 64bit pref]
4月 12 20:50:26 localhost.localdomain kernel: pci 0000:00:11.0:   bridge window [mem 0x000a0000-0x000bffff window] (subtractive decode)
4月 12 20:50:26 localhost.localdomain kernel: pci 0000:00:11.0:   bridge window [mem 0x000d0000-0x000d3fff window] (subtractive decode)
4月 12 20:50:26 localhost.localdomain kernel: pci 0000:00:11.0:   bridge window [mem 0x000d4000-0x000d7fff window] (subtractive decode)
4月 12 20:50:26 localhost.localdomain kernel: pci 0000:00:11.0:   bridge window [mem 0x000d8000-0x000dbfff window] (subtractive decode)
4月 12 20:50:26 localhost.localdomain kernel: pci 0000:00:11.0:   bridge window [mem 0xc0000000-0xfebfffff window] (subtractive decode)
4月 12 20:50:26 localhost.localdomain kernel: pci 0000:00:11.0:   bridge window [io  0x0000-0x0cf7 window] (subtractive decode)
4月 12 20:50:26 localhost.localdomain kernel: pci 0000:00:11.0:   bridge window [io  0x0d00-0xfeff window] (subtractive decode)
4月 12 20:50:26 localhost.localdomain kernel: pci 0000:03:00.0: [15ad:07f0] type 00 class 0x010802
4月 12 20:50:26 localhost.localdomain kernel: pci 0000:03:00.0: reg 0x10: [mem 0xfd4fc000-0xfd4fffff 64bit]
4月 12 20:50:26 localhost.localdomain kernel: pci 0000:03:00.0: reg 0x18: [io  0x4000-0x4007]
4月 12 20:50:26 localhost.localdomain kernel: pci 0000:03:00.0: reg 0x30: [mem 0x00000000-0x00001fff pref]
4月 12 20:50:26 localhost.localdomain kernel: pci 0000:03:00.0: PME# supported from D0 D3hot D3cold
4月 12 20:50:26 localhost.localdomain kernel: pci 0000:03:00.0: disabling ASPM on pre-1.1 PCIe device.  You can enable it with 'pcie_aspm=force'
4月 12 20:50:26 localhost.localdomain kernel: pci 0000:00:15.0: PCI bridge to [bus 03]
4月 12 20:50:26 localhost.localdomain kernel: pci 0000:00:15.0:   bridge window [io  0x4000-0x4fff]
4月 12 20:50:26 localhost.localdomain kernel: pci 0000:00:15.0:   bridge window [mem 0xfd400000-0xfd4fffff]
4月 12 20:50:26 localhost.localdomain kernel: pci 0000:00:15.1: PCI bridge to [bus 04]
4月 12 20:50:26 localhost.localdomain kernel: pci 0000:00:15.1:   bridge window [io  0x8000-0x8fff]
4月 12 20:50:26 localhost.localdomain kernel: pci 0000:00:15.1:   bridge window [mem 0xfd000000-0xfd0fffff]
4月 12 20:50:26 localhost.localdomain kernel: pci 0000:00:15.1:   bridge window [mem 0xe7700000-0xe77fffff 64bit pref]
4月 12 20:50:26 localhost.localdomain kernel: pci 0000:00:15.2: PCI bridge to [bus 05]
4月 12 20:50:26 localhost.localdomain kernel: pci 0000:00:15.2:   bridge window [io  0xc000-0xcfff]
4月 12 20:50:26 localhost.localdomain kernel: pci 0000:00:15.2:   bridge window [mem 0xfcc00000-0xfccfffff]
4月 12 20:50:26 localhost.localdomain kernel: pci 0000:00:15.2:   bridge window [mem 0xe7300000-0xe73fffff 64bit pref]
4月 12 20:50:26 localhost.localdomain kernel: pci 0000:00:15.3: PCI bridge to [bus 06]
4月 12 20:50:26 localhost.localdomain kernel: pci 0000:00:15.3:   bridge window [mem 0xfc800000-0xfc8fffff]
4月 12 20:50:26 localhost.localdomain kernel: pci 0000:00:15.3:   bridge window [mem 0xe6f00000-0xe6ffffff 64bit pref]
4月 12 20:50:26 localhost.localdomain kernel: pci 0000:00:15.4: PCI bridge to [bus 07]
4月 12 20:50:26 localhost.localdomain kernel: pci 0000:00:15.4:   bridge window [mem 0xfc400000-0xfc4fffff]
4月 12 20:50:26 localhost.localdomain kernel: pci 0000:00:15.4:   bridge window [mem 0xe6b00000-0xe6bfffff 64bit pref]
4月 12 20:50:26 localhost.localdomain kernel: pci 0000:00:15.5: PCI bridge to [bus 08]
4月 12 20:50:26 localhost.localdomain kernel: pci 0000:00:15.5:   bridge window [mem 0xfc000000-0xfc0fffff]
4月 12 20:50:26 localhost.localdomain kernel: pci 0000:00:15.5:   bridge window [mem 0xe6700000-0xe67fffff 64bit pref]
4月 12 20:50:26 localhost.localdomain kernel: pci 0000:00:15.6: PCI bridge to [bus 09]
4月 12 20:50:26 localhost.localdomain kernel: pci 0000:00:15.6:   bridge window [mem 0xfbc00000-0xfbcfffff]
4月 12 20:50:26 localhost.localdomain kernel: pci 0000:00:15.6:   bridge window [mem 0xe6300000-0xe63fffff 64bit pref]
4月 12 20:50:26 localhost.localdomain kernel: pci 0000:00:15.7: PCI bridge to [bus 0a]
4月 12 20:50:26 localhost.localdomain kernel: pci 0000:00:15.7:   bridge window [mem 0xfb800000-0xfb8fffff]
4月 12 20:50:26 localhost.localdomain kernel: pci 0000:00:15.7:   bridge window [mem 0xe5f00000-0xe5ffffff 64bit pref]
4月 12 20:50:26 localhost.localdomain kernel: pci 0000:00:16.0: PCI bridge to [bus 0b]
4月 12 20:50:26 localhost.localdomain kernel: pci 0000:00:16.0:   bridge window [io  0x5000-0x5fff]
4月 12 20:50:26 localhost.localdomain kernel: pci 0000:00:16.0:   bridge window [mem 0xfd300000-0xfd3fffff]
4月 12 20:50:26 localhost.localdomain kernel: pci 0000:00:16.0:   bridge window [mem 0xe7a00000-0xe7afffff 64bit pref]
4月 12 20:50:26 localhost.localdomain kernel: pci 0000:00:16.1: PCI bridge to [bus 0c]
4月 12 20:50:26 localhost.localdomain kernel: pci 0000:00:16.1:   bridge window [io  0x9000-0x9fff]
4月 12 20:50:26 localhost.localdomain kernel: pci 0000:00:16.1:   bridge window [mem 0xfcf00000-0xfcffffff]
4月 12 20:50:26 localhost.localdomain kernel: pci 0000:00:16.1:   bridge window [mem 0xe7600000-0xe76fffff 64bit pref]
4月 12 20:50:26 localhost.localdomain kernel: pci 0000:00:16.2: PCI bridge to [bus 0d]
4月 12 20:50:26 localhost.localdomain kernel: pci 0000:00:16.2:   bridge window [io  0xd000-0xdfff]
4月 12 20:50:26 localhost.localdomain kernel: pci 0000:00:16.2:   bridge window [mem 0xfcb00000-0xfcbfffff]
4月 12 20:50:26 localhost.localdomain kernel: pci 0000:00:16.2:   bridge window [mem 0xe7200000-0xe72fffff 64bit pref]
4月 12 20:50:26 localhost.localdomain kernel: pci 0000:00:16.3: PCI bridge to [bus 0e]
4月 12 20:50:26 localhost.localdomain kernel: pci 0000:00:16.3:   bridge window [mem 0xfc700000-0xfc7fffff]
4月 12 20:50:26 localhost.localdomain kernel: pci 0000:00:16.3:   bridge window [mem 0xe6e00000-0xe6efffff 64bit pref]
4月 12 20:50:26 localhost.localdomain kernel: pci 0000:00:16.4: PCI bridge to [bus 0f]
4月 12 20:50:26 localhost.localdomain kernel: pci 0000:00:16.4:   bridge window [mem 0xfc300000-0xfc3fffff]
4月 12 20:50:26 localhost.localdomain kernel: pci 0000:00:16.4:   bridge window [mem 0xe6a00000-0xe6afffff 64bit pref]
4月 12 20:50:26 localhost.localdomain kernel: pci 0000:00:16.5: PCI bridge to [bus 10]
4月 12 20:50:26 localhost.localdomain kernel: pci 0000:00:16.5:   bridge window [mem 0xfbf00000-0xfbffffff]
4月 12 20:50:26 localhost.localdomain kernel: pci 0000:00:16.5:   bridge window [mem 0xe6600000-0xe66fffff 64bit pref]
4月 12 20:50:26 localhost.localdomain kernel: pci 0000:00:16.6: PCI bridge to [bus 11]
4月 12 20:50:26 localhost.localdomain kernel: pci 0000:00:16.6:   bridge window [mem 0xfbb00000-0xfbbfffff]
4月 12 20:50:26 localhost.localdomain kernel: pci 0000:00:16.6:   bridge window [mem 0xe6200000-0xe62fffff 64bit pref]
4月 12 20:50:26 localhost.localdomain kernel: pci 0000:00:16.7: PCI bridge to [bus 12]
4月 12 20:50:26 localhost.localdomain kernel: pci 0000:00:16.7:   bridge window [mem 0xfb700000-0xfb7fffff]
4月 12 20:50:26 localhost.localdomain kernel: pci 0000:00:16.7:   bridge window [mem 0xe5e00000-0xe5efffff 64bit pref]
4月 12 20:50:26 localhost.localdomain kernel: pci 0000:00:17.0: PCI bridge to [bus 13]
4月 12 20:50:26 localhost.localdomain kernel: pci 0000:00:17.0:   bridge window [io  0x6000-0x6fff]
4月 12 20:50:26 localhost.localdomain kernel: pci 0000:00:17.0:   bridge window [mem 0xfd200000-0xfd2fffff]
4月 12 20:50:26 localhost.localdomain kernel: pci 0000:00:17.0:   bridge window [mem 0xe7900000-0xe79fffff 64bit pref]
4月 12 20:50:26 localhost.localdomain kernel: pci 0000:00:17.1: PCI bridge to [bus 14]
4月 12 20:50:26 localhost.localdomain kernel: pci 0000:00:17.1:   bridge window [io  0xa000-0xafff]
4月 12 20:50:26 localhost.localdomain kernel: pci 0000:00:17.1:   bridge window [mem 0xfce00000-0xfcefffff]
4月 12 20:50:26 localhost.localdomain kernel: pci 0000:00:17.1:   bridge window [mem 0xe7500000-0xe75fffff 64bit pref]
4月 12 20:50:26 localhost.localdomain kernel: pci 0000:00:17.2: PCI bridge to [bus 15]
4月 12 20:50:26 localhost.localdomain kernel: pci 0000:00:17.2:   bridge window [io  0xe000-0xefff]
4月 12 20:50:26 localhost.localdomain kernel: pci 0000:00:17.2:   bridge window [mem 0xfca00000-0xfcafffff]
4月 12 20:50:26 localhost.localdomain kernel: pci 0000:00:17.2:   bridge window [mem 0xe7100000-0xe71fffff 64bit pref]
4月 12 20:50:26 localhost.localdomain kernel: pci 0000:00:17.3: PCI bridge to [bus 16]
4月 12 20:50:26 localhost.localdomain kernel: pci 0000:00:17.3:   bridge window [mem 0xfc600000-0xfc6fffff]
4月 12 20:50:26 localhost.localdomain kernel: pci 0000:00:17.3:   bridge window [mem 0xe6d00000-0xe6dfffff 64bit pref]
4月 12 20:50:26 localhost.localdomain kernel: pci 0000:00:17.4: PCI bridge to [bus 17]
4月 12 20:50:26 localhost.localdomain kernel: pci 0000:00:17.4:   bridge window [mem 0xfc200000-0xfc2fffff]
4月 12 20:50:26 localhost.localdomain kernel: pci 0000:00:17.4:   bridge window [mem 0xe6900000-0xe69fffff 64bit pref]
4月 12 20:50:26 localhost.localdomain kernel: pci 0000:00:17.5: PCI bridge to [bus 18]
4月 12 20:50:26 localhost.localdomain kernel: pci 0000:00:17.5:   bridge window [mem 0xfbe00000-0xfbefffff]
4月 12 20:50:26 localhost.localdomain kernel: pci 0000:00:17.5:   bridge window [mem 0xe6500000-0xe65fffff 64bit pref]
4月 12 20:50:26 localhost.localdomain kernel: pci 0000:00:17.6: PCI bridge to [bus 19]
4月 12 20:50:26 localhost.localdomain kernel: pci 0000:00:17.6:   bridge window [mem 0xfba00000-0xfbafffff]
4月 12 20:50:26 localhost.localdomain kernel: pci 0000:00:17.6:   bridge window [mem 0xe6100000-0xe61fffff 64bit pref]
4月 12 20:50:26 localhost.localdomain kernel: pci 0000:00:17.7: PCI bridge to [bus 1a]
4月 12 20:50:26 localhost.localdomain kernel: pci 0000:00:17.7:   bridge window [mem 0xfb600000-0xfb6fffff]
4月 12 20:50:26 localhost.localdomain kernel: pci 0000:00:17.7:   bridge window [mem 0xe5d00000-0xe5dfffff 64bit pref]
4月 12 20:50:26 localhost.localdomain kernel: pci 0000:00:18.0: PCI bridge to [bus 1b]
4月 12 20:50:26 localhost.localdomain kernel: pci 0000:00:18.0:   bridge window [io  0x7000-0x7fff]
4月 12 20:50:26 localhost.localdomain kernel: pci 0000:00:18.0:   bridge window [mem 0xfd100000-0xfd1fffff]
4月 12 20:50:26 localhost.localdomain kernel: pci 0000:00:18.0:   bridge window [mem 0xe7800000-0xe78fffff 64bit pref]
4月 12 20:50:26 localhost.localdomain kernel: pci 0000:00:18.1: PCI bridge to [bus 1c]
4月 12 20:50:26 localhost.localdomain kernel: pci 0000:00:18.1:   bridge window [io  0xb000-0xbfff]
4月 12 20:50:26 localhost.localdomain kernel: pci 0000:00:18.1:   bridge window [mem 0xfcd00000-0xfcdfffff]
4月 12 20:50:26 localhost.localdomain kernel: pci 0000:00:18.1:   bridge window [mem 0xe7400000-0xe74fffff 64bit pref]
4月 12 20:50:26 localhost.localdomain kernel: pci 0000:00:18.2: PCI bridge to [bus 1d]
4月 12 20:50:26 localhost.localdomain kernel: pci 0000:00:18.2:   bridge window [mem 0xfc900000-0xfc9fffff]
4月 12 20:50:26 localhost.localdomain kernel: pci 0000:00:18.2:   bridge window [mem 0xe7000000-0xe70fffff 64bit pref]
4月 12 20:50:26 localhost.localdomain kernel: pci 0000:00:18.3: PCI bridge to [bus 1e]
4月 12 20:50:26 localhost.localdomain kernel: pci 0000:00:18.3:   bridge window [mem 0xfc500000-0xfc5fffff]
4月 12 20:50:26 localhost.localdomain kernel: pci 0000:00:18.3:   bridge window [mem 0xe6c00000-0xe6cfffff 64bit pref]
4月 12 20:50:26 localhost.localdomain kernel: pci 0000:00:18.4: PCI bridge to [bus 1f]
4月 12 20:50:26 localhost.localdomain kernel: pci 0000:00:18.4:   bridge window [mem 0xfc100000-0xfc1fffff]
4月 12 20:50:26 localhost.localdomain kernel: pci 0000:00:18.4:   bridge window [mem 0xe6800000-0xe68fffff 64bit pref]
4月 12 20:50:26 localhost.localdomain kernel: pci 0000:00:18.5: PCI bridge to [bus 20]
4月 12 20:50:26 localhost.localdomain kernel: pci 0000:00:18.5:   bridge window [mem 0xfbd00000-0xfbdfffff]
4月 12 20:50:26 localhost.localdomain kernel: pci 0000:00:18.5:   bridge window [mem 0xe6400000-0xe64fffff 64bit pref]
4月 12 20:50:26 localhost.localdomain kernel: pci 0000:00:18.6: PCI bridge to [bus 21]
4月 12 20:50:26 localhost.localdomain kernel: pci 0000:00:18.6:   bridge window [mem 0xfb900000-0xfb9fffff]
4月 12 20:50:26 localhost.localdomain kernel: pci 0000:00:18.6:   bridge window [mem 0xe6000000-0xe60fffff 64bit pref]
4月 12 20:50:26 localhost.localdomain kernel: pci 0000:00:18.7: PCI bridge to [bus 22]
4月 12 20:50:26 localhost.localdomain kernel: pci 0000:00:18.7:   bridge window [mem 0xfb500000-0xfb5fffff]
4月 12 20:50:26 localhost.localdomain kernel: pci 0000:00:18.7:   bridge window [mem 0xe5c00000-0xe5cfffff 64bit pref]
4月 12 20:50:26 localhost.localdomain kernel: ACPI: PCI Interrupt Link [LNKA] (IRQs 3 4 5 6 7 *9 10 11 14 15)
4月 12 20:50:26 localhost.localdomain kernel: ACPI: PCI Interrupt Link [LNKB] (IRQs 3 4 5 6 *7 9 10 11 14 15)
4月 12 20:50:26 localhost.localdomain kernel: ACPI: PCI Interrupt Link [LNKC] (IRQs 3 4 5 6 7 9 10 *11 14 15)
4月 12 20:50:26 localhost.localdomain kernel: ACPI: PCI Interrupt Link [LNKD] (IRQs 3 4 5 6 7 9 *10 11 14 15)
4月 12 20:50:26 localhost.localdomain kernel: iommu: Default domain type: Translated 
4月 12 20:50:26 localhost.localdomain kernel: pci 0000:00:0f.0: vgaarb: setting as boot VGA device
4月 12 20:50:26 localhost.localdomain kernel: pci 0000:00:0f.0: vgaarb: VGA device added: decodes=io+mem,owns=io+mem,locks=none
4月 12 20:50:26 localhost.localdomain kernel: pci 0000:00:0f.0: vgaarb: bridge control possible
4月 12 20:50:26 localhost.localdomain kernel: vgaarb: loaded
4月 12 20:50:26 localhost.localdomain kernel: SCSI subsystem initialized
4月 12 20:50:26 localhost.localdomain kernel: ACPI: bus type USB registered
4月 12 20:50:26 localhost.localdomain kernel: usbcore: registered new interface driver usbfs
4月 12 20:50:26 localhost.localdomain kernel: usbcore: registered new interface driver hub
4月 12 20:50:26 localhost.localdomain kernel: usbcore: registered new device driver usb
4月 12 20:50:26 localhost.localdomain kernel: EDAC MC: Ver: 3.0.0
4月 12 20:50:26 localhost.localdomain kernel: PCI: Using ACPI for IRQ routing
4月 12 20:50:26 localhost.localdomain kernel: PCI: pci_cache_line_size set to 64 bytes
4月 12 20:50:26 localhost.localdomain kernel: e820: reserve RAM buffer [mem 0x00097c00-0x0009ffff]
4月 12 20:50:26 localhost.localdomain kernel: e820: reserve RAM buffer [mem 0xbfed0000-0xbfffffff]
4月 12 20:50:26 localhost.localdomain kernel: NetLabel: Initializing
4月 12 20:50:26 localhost.localdomain kernel: NetLabel:  domain hash size = 128
4月 12 20:50:26 localhost.localdomain kernel: NetLabel:  protocols = UNLABELED CIPSOv4 CALIPSO
4月 12 20:50:26 localhost.localdomain kernel: NetLabel:  unlabeled traffic allowed by default
4月 12 20:50:26 localhost.localdomain kernel: hpet0: at MMIO 0xfed00000, IRQs 2, 8, 0, 0, 0, 0, 0, 0, 0, 0, 0, 0, 0, 0, 0, 0
4月 12 20:50:26 localhost.localdomain kernel: hpet0: 16 comparators, 64-bit 14.318180 MHz counter
4月 12 20:50:26 localhost.localdomain kernel: clocksource: Switched to clocksource tsc-early
4月 12 20:50:26 localhost.localdomain kernel: *** VALIDATE bpf ***
4月 12 20:50:26 localhost.localdomain kernel: VFS: Disk quotas dquot_6.6.0
4月 12 20:50:26 localhost.localdomain kernel: VFS: Dquot-cache hash table entries: 512 (order 0, 4096 bytes)
4月 12 20:50:26 localhost.localdomain kernel: *** VALIDATE ramfs ***
4月 12 20:50:26 localhost.localdomain kernel: *** VALIDATE hugetlbfs ***
4月 12 20:50:26 localhost.localdomain kernel: pnp: PnP ACPI init
4月 12 20:50:26 localhost.localdomain kernel: system 00:00: [io  0x1000-0x103f] has been reserved
4月 12 20:50:26 localhost.localdomain kernel: system 00:00: [io  0x1040-0x104f] has been reserved
4月 12 20:50:26 localhost.localdomain kernel: system 00:00: [io  0x0cf0-0x0cf1] has been reserved
4月 12 20:50:26 localhost.localdomain kernel: system 00:00: Plug and Play ACPI device, IDs PNP0c02 (active)
4月 12 20:50:26 localhost.localdomain kernel: pnp 00:01: Plug and Play ACPI device, IDs PNP0b00 (active)
4月 12 20:50:26 localhost.localdomain kernel: pnp 00:02: Plug and Play ACPI device, IDs PNP0303 (active)
4月 12 20:50:26 localhost.localdomain kernel: pnp 00:03: Plug and Play ACPI device, IDs VMW0003 PNP0f13 (active)
4月 12 20:50:26 localhost.localdomain kernel: system 00:04: [mem 0xfed00000-0xfed003ff] has been reserved
4月 12 20:50:26 localhost.localdomain kernel: system 00:04: Plug and Play ACPI device, IDs PNP0103 PNP0c01 (active)
4月 12 20:50:26 localhost.localdomain kernel: system 00:05: [io  0xfce0-0xfcff] has been reserved
4月 12 20:50:26 localhost.localdomain kernel: system 00:05: [mem 0xf0000000-0xf7ffffff] has been reserved
4月 12 20:50:26 localhost.localdomain kernel: system 00:05: [mem 0xfe800000-0xfe9fffff] has been reserved
4月 12 20:50:26 localhost.localdomain kernel: system 00:05: Plug and Play ACPI device, IDs PNP0c02 (active)
4月 12 20:50:26 localhost.localdomain kernel: pnp: PnP ACPI: found 6 devices
4月 12 20:50:26 localhost.localdomain kernel: clocksource: acpi_pm: mask: 0xffffff max_cycles: 0xffffff, max_idle_ns: 2085701024 ns
4月 12 20:50:26 localhost.localdomain kernel: pci 0000:00:15.0: bridge window [mem 0x00100000-0x000fffff 64bit pref] to [bus 03] add_size 200000 add_align 100000
4月 12 20:50:26 localhost.localdomain kernel: pci 0000:00:15.3: bridge window [io  0x1000-0x0fff] to [bus 06] add_size 1000
4月 12 20:50:26 localhost.localdomain kernel: pci 0000:00:15.4: bridge window [io  0x1000-0x0fff] to [bus 07] add_size 1000
4月 12 20:50:26 localhost.localdomain kernel: pci 0000:00:15.5: bridge window [io  0x1000-0x0fff] to [bus 08] add_size 1000
4月 12 20:50:26 localhost.localdomain kernel: pci 0000:00:15.6: bridge window [io  0x1000-0x0fff] to [bus 09] add_size 1000
4月 12 20:50:26 localhost.localdomain kernel: pci 0000:00:15.7: bridge window [io  0x1000-0x0fff] to [bus 0a] add_size 1000
4月 12 20:50:26 localhost.localdomain kernel: pci 0000:00:16.3: bridge window [io  0x1000-0x0fff] to [bus 0e] add_size 1000
4月 12 20:50:26 localhost.localdomain kernel: pci 0000:00:16.4: bridge window [io  0x1000-0x0fff] to [bus 0f] add_size 1000
4月 12 20:50:26 localhost.localdomain kernel: pci 0000:00:16.5: bridge window [io  0x1000-0x0fff] to [bus 10] add_size 1000
4月 12 20:50:26 localhost.localdomain kernel: pci 0000:00:16.6: bridge window [io  0x1000-0x0fff] to [bus 11] add_size 1000
4月 12 20:50:26 localhost.localdomain kernel: pci 0000:00:16.7: bridge window [io  0x1000-0x0fff] to [bus 12] add_size 1000
4月 12 20:50:26 localhost.localdomain kernel: pci 0000:00:17.3: bridge window [io  0x1000-0x0fff] to [bus 16] add_size 1000
4月 12 20:50:26 localhost.localdomain kernel: pci 0000:00:17.4: bridge window [io  0x1000-0x0fff] to [bus 17] add_size 1000
4月 12 20:50:26 localhost.localdomain kernel: pci 0000:00:17.5: bridge window [io  0x1000-0x0fff] to [bus 18] add_size 1000
4月 12 20:50:26 localhost.localdomain kernel: pci 0000:00:17.6: bridge window [io  0x1000-0x0fff] to [bus 19] add_size 1000
4月 12 20:50:26 localhost.localdomain kernel: pci 0000:00:17.7: bridge window [io  0x1000-0x0fff] to [bus 1a] add_size 1000
4月 12 20:50:26 localhost.localdomain kernel: pci 0000:00:18.2: bridge window [io  0x1000-0x0fff] to [bus 1d] add_size 1000
4月 12 20:50:26 localhost.localdomain kernel: pci 0000:00:18.3: bridge window [io  0x1000-0x0fff] to [bus 1e] add_size 1000
4月 12 20:50:26 localhost.localdomain kernel: pci 0000:00:18.4: bridge window [io  0x1000-0x0fff] to [bus 1f] add_size 1000
4月 12 20:50:26 localhost.localdomain kernel: pci 0000:00:18.5: bridge window [io  0x1000-0x0fff] to [bus 20] add_size 1000
4月 12 20:50:26 localhost.localdomain kernel: pci 0000:00:18.6: bridge window [io  0x1000-0x0fff] to [bus 21] add_size 1000
4月 12 20:50:26 localhost.localdomain kernel: pci 0000:00:18.7: bridge window [io  0x1000-0x0fff] to [bus 22] add_size 1000
4月 12 20:50:26 localhost.localdomain kernel: pci 0000:00:15.0: BAR 15: assigned [mem 0xc0000000-0xc01fffff 64bit pref]
4月 12 20:50:26 localhost.localdomain kernel: pci 0000:00:0f.0: BAR 6: assigned [mem 0xc0200000-0xc0207fff pref]
4月 12 20:50:26 localhost.localdomain kernel: pci 0000:00:15.3: BAR 13: no space for [io  size 0x1000]
4月 12 20:50:26 localhost.localdomain kernel: pci 0000:00:15.3: BAR 13: failed to assign [io  size 0x1000]
4月 12 20:50:26 localhost.localdomain kernel: pci 0000:00:15.4: BAR 13: no space for [io  size 0x1000]
4月 12 20:50:26 localhost.localdomain kernel: pci 0000:00:15.4: BAR 13: failed to assign [io  size 0x1000]
4月 12 20:50:26 localhost.localdomain kernel: pci 0000:00:15.5: BAR 13: no space for [io  size 0x1000]
4月 12 20:50:26 localhost.localdomain kernel: pci 0000:00:15.5: BAR 13: failed to assign [io  size 0x1000]
4月 12 20:50:26 localhost.localdomain kernel: pci 0000:00:15.6: BAR 13: no space for [io  size 0x1000]
4月 12 20:50:26 localhost.localdomain kernel: pci 0000:00:15.6: BAR 13: failed to assign [io  size 0x1000]
4月 12 20:50:26 localhost.localdomain kernel: pci 0000:00:15.7: BAR 13: no space for [io  size 0x1000]
4月 12 20:50:26 localhost.localdomain kernel: pci 0000:00:15.7: BAR 13: failed to assign [io  size 0x1000]
4月 12 20:50:26 localhost.localdomain kernel: pci 0000:00:16.3: BAR 13: no space for [io  size 0x1000]
4月 12 20:50:26 localhost.localdomain kernel: pci 0000:00:16.3: BAR 13: failed to assign [io  size 0x1000]
4月 12 20:50:26 localhost.localdomain kernel: pci 0000:00:16.4: BAR 13: no space for [io  size 0x1000]
4月 12 20:50:26 localhost.localdomain kernel: pci 0000:00:16.4: BAR 13: failed to assign [io  size 0x1000]
4月 12 20:50:26 localhost.localdomain kernel: pci 0000:00:16.5: BAR 13: no space for [io  size 0x1000]
4月 12 20:50:26 localhost.localdomain kernel: pci 0000:00:16.5: BAR 13: failed to assign [io  size 0x1000]
4月 12 20:50:26 localhost.localdomain kernel: pci 0000:00:16.6: BAR 13: no space for [io  size 0x1000]
4月 12 20:50:26 localhost.localdomain kernel: pci 0000:00:16.6: BAR 13: failed to assign [io  size 0x1000]
4月 12 20:50:26 localhost.localdomain kernel: pci 0000:00:16.7: BAR 13: no space for [io  size 0x1000]
4月 12 20:50:26 localhost.localdomain kernel: pci 0000:00:16.7: BAR 13: failed to assign [io  size 0x1000]
4月 12 20:50:26 localhost.localdomain kernel: pci 0000:00:17.3: BAR 13: no space for [io  size 0x1000]
4月 12 20:50:26 localhost.localdomain kernel: pci 0000:00:17.3: BAR 13: failed to assign [io  size 0x1000]
4月 12 20:50:26 localhost.localdomain kernel: pci 0000:00:17.4: BAR 13: no space for [io  size 0x1000]
4月 12 20:50:26 localhost.localdomain kernel: pci 0000:00:17.4: BAR 13: failed to assign [io  size 0x1000]
4月 12 20:50:26 localhost.localdomain kernel: pci 0000:00:17.5: BAR 13: no space for [io  size 0x1000]
4月 12 20:50:26 localhost.localdomain kernel: pci 0000:00:17.5: BAR 13: failed to assign [io  size 0x1000]
4月 12 20:50:26 localhost.localdomain kernel: pci 0000:00:17.6: BAR 13: no space for [io  size 0x1000]
4月 12 20:50:26 localhost.localdomain kernel: pci 0000:00:17.6: BAR 13: failed to assign [io  size 0x1000]
4月 12 20:50:26 localhost.localdomain kernel: pci 0000:00:17.7: BAR 13: no space for [io  size 0x1000]
4月 12 20:50:26 localhost.localdomain kernel: pci 0000:00:17.7: BAR 13: failed to assign [io  size 0x1000]
4月 12 20:50:26 localhost.localdomain kernel: pci 0000:00:18.2: BAR 13: no space for [io  size 0x1000]
4月 12 20:50:26 localhost.localdomain kernel: pci 0000:00:18.2: BAR 13: failed to assign [io  size 0x1000]
4月 12 20:50:26 localhost.localdomain kernel: pci 0000:00:18.3: BAR 13: no space for [io  size 0x1000]
4月 12 20:50:26 localhost.localdomain kernel: pci 0000:00:18.3: BAR 13: failed to assign [io  size 0x1000]
4月 12 20:50:26 localhost.localdomain kernel: pci 0000:00:18.4: BAR 13: no space for [io  size 0x1000]
4月 12 20:50:26 localhost.localdomain kernel: pci 0000:00:18.4: BAR 13: failed to assign [io  size 0x1000]
4月 12 20:50:26 localhost.localdomain kernel: pci 0000:00:18.5: BAR 13: no space for [io  size 0x1000]
4月 12 20:50:26 localhost.localdomain kernel: pci 0000:00:18.5: BAR 13: failed to assign [io  size 0x1000]
4月 12 20:50:26 localhost.localdomain kernel: pci 0000:00:18.6: BAR 13: no space for [io  size 0x1000]
4月 12 20:50:26 localhost.localdomain kernel: pci 0000:00:18.6: BAR 13: failed to assign [io  size 0x1000]
4月 12 20:50:26 localhost.localdomain kernel: pci 0000:00:18.7: BAR 13: no space for [io  size 0x1000]
4月 12 20:50:26 localhost.localdomain kernel: pci 0000:00:18.7: BAR 13: failed to assign [io  size 0x1000]
4月 12 20:50:26 localhost.localdomain kernel: pci 0000:00:18.7: BAR 13: no space for [io  size 0x1000]
4月 12 20:50:26 localhost.localdomain kernel: pci 0000:00:18.7: BAR 13: failed to assign [io  size 0x1000]
4月 12 20:50:26 localhost.localdomain kernel: pci 0000:00:18.6: BAR 13: no space for [io  size 0x1000]
4月 12 20:50:26 localhost.localdomain kernel: pci 0000:00:18.6: BAR 13: failed to assign [io  size 0x1000]
4月 12 20:50:26 localhost.localdomain kernel: pci 0000:00:18.5: BAR 13: no space for [io  size 0x1000]
4月 12 20:50:26 localhost.localdomain kernel: pci 0000:00:18.5: BAR 13: failed to assign [io  size 0x1000]
4月 12 20:50:26 localhost.localdomain kernel: pci 0000:00:18.4: BAR 13: no space for [io  size 0x1000]
4月 12 20:50:26 localhost.localdomain kernel: pci 0000:00:18.4: BAR 13: failed to assign [io  size 0x1000]
4月 12 20:50:26 localhost.localdomain kernel: pci 0000:00:18.3: BAR 13: no space for [io  size 0x1000]
4月 12 20:50:26 localhost.localdomain kernel: pci 0000:00:18.3: BAR 13: failed to assign [io  size 0x1000]
4月 12 20:50:26 localhost.localdomain kernel: pci 0000:00:18.2: BAR 13: no space for [io  size 0x1000]
4月 12 20:50:26 localhost.localdomain kernel: pci 0000:00:18.2: BAR 13: failed to assign [io  size 0x1000]
4月 12 20:50:26 localhost.localdomain kernel: pci 0000:00:17.7: BAR 13: no space for [io  size 0x1000]
4月 12 20:50:26 localhost.localdomain kernel: pci 0000:00:17.7: BAR 13: failed to assign [io  size 0x1000]
4月 12 20:50:26 localhost.localdomain kernel: pci 0000:00:17.6: BAR 13: no space for [io  size 0x1000]
4月 12 20:50:26 localhost.localdomain kernel: pci 0000:00:17.6: BAR 13: failed to assign [io  size 0x1000]
4月 12 20:50:26 localhost.localdomain kernel: pci 0000:00:17.5: BAR 13: no space for [io  size 0x1000]
4月 12 20:50:26 localhost.localdomain kernel: pci 0000:00:17.5: BAR 13: failed to assign [io  size 0x1000]
4月 12 20:50:26 localhost.localdomain kernel: pci 0000:00:17.4: BAR 13: no space for [io  size 0x1000]
4月 12 20:50:26 localhost.localdomain kernel: pci 0000:00:17.4: BAR 13: failed to assign [io  size 0x1000]
4月 12 20:50:26 localhost.localdomain kernel: pci 0000:00:17.3: BAR 13: no space for [io  size 0x1000]
4月 12 20:50:26 localhost.localdomain kernel: pci 0000:00:17.3: BAR 13: failed to assign [io  size 0x1000]
4月 12 20:50:26 localhost.localdomain kernel: pci 0000:00:16.7: BAR 13: no space for [io  size 0x1000]
4月 12 20:50:26 localhost.localdomain kernel: pci 0000:00:16.7: BAR 13: failed to assign [io  size 0x1000]
4月 12 20:50:26 localhost.localdomain kernel: pci 0000:00:16.6: BAR 13: no space for [io  size 0x1000]
4月 12 20:50:26 localhost.localdomain kernel: pci 0000:00:16.6: BAR 13: failed to assign [io  size 0x1000]
4月 12 20:50:26 localhost.localdomain kernel: pci 0000:00:16.5: BAR 13: no space for [io  size 0x1000]
4月 12 20:50:26 localhost.localdomain kernel: pci 0000:00:16.5: BAR 13: failed to assign [io  size 0x1000]
4月 12 20:50:26 localhost.localdomain kernel: pci 0000:00:16.4: BAR 13: no space for [io  size 0x1000]
4月 12 20:50:26 localhost.localdomain kernel: pci 0000:00:16.4: BAR 13: failed to assign [io  size 0x1000]
4月 12 20:50:26 localhost.localdomain kernel: pci 0000:00:16.3: BAR 13: no space for [io  size 0x1000]
4月 12 20:50:26 localhost.localdomain kernel: pci 0000:00:16.3: BAR 13: failed to assign [io  size 0x1000]
4月 12 20:50:26 localhost.localdomain kernel: pci 0000:00:15.7: BAR 13: no space for [io  size 0x1000]
4月 12 20:50:26 localhost.localdomain kernel: pci 0000:00:15.7: BAR 13: failed to assign [io  size 0x1000]
4月 12 20:50:26 localhost.localdomain kernel: pci 0000:00:15.6: BAR 13: no space for [io  size 0x1000]
4月 12 20:50:26 localhost.localdomain kernel: pci 0000:00:15.6: BAR 13: failed to assign [io  size 0x1000]
4月 12 20:50:26 localhost.localdomain kernel: pci 0000:00:15.5: BAR 13: no space for [io  size 0x1000]
4月 12 20:50:26 localhost.localdomain kernel: pci 0000:00:15.5: BAR 13: failed to assign [io  size 0x1000]
4月 12 20:50:26 localhost.localdomain kernel: pci 0000:00:15.4: BAR 13: no space for [io  size 0x1000]
4月 12 20:50:26 localhost.localdomain kernel: pci 0000:00:15.4: BAR 13: failed to assign [io  size 0x1000]
4月 12 20:50:26 localhost.localdomain kernel: pci 0000:00:15.3: BAR 13: no space for [io  size 0x1000]
4月 12 20:50:26 localhost.localdomain kernel: pci 0000:00:15.3: BAR 13: failed to assign [io  size 0x1000]
4月 12 20:50:26 localhost.localdomain kernel: pci 0000:00:01.0: PCI bridge to [bus 01]
4月 12 20:50:26 localhost.localdomain kernel: pci 0000:02:01.0: BAR 6: assigned [mem 0xfd500000-0xfd50ffff pref]
4月 12 20:50:26 localhost.localdomain kernel: pci 0000:02:04.0: BAR 6: assigned [mem 0xfd510000-0xfd51ffff pref]
4月 12 20:50:26 localhost.localdomain kernel: pci 0000:00:11.0: PCI bridge to [bus 02]
4月 12 20:50:26 localhost.localdomain kernel: pci 0000:00:11.0:   bridge window [io  0x2000-0x3fff]
4月 12 20:50:26 localhost.localdomain kernel: pci 0000:00:11.0:   bridge window [mem 0xfd500000-0xfdffffff]
4月 12 20:50:26 localhost.localdomain kernel: pci 0000:00:11.0:   bridge window [mem 0xe7b00000-0xe7ffffff 64bit pref]
4月 12 20:50:26 localhost.localdomain kernel: pci 0000:03:00.0: BAR 6: assigned [mem 0xfd400000-0xfd401fff pref]
4月 12 20:50:26 localhost.localdomain kernel: pci 0000:00:15.0: PCI bridge to [bus 03]
4月 12 20:50:26 localhost.localdomain kernel: pci 0000:00:15.0:   bridge window [io  0x4000-0x4fff]
4月 12 20:50:26 localhost.localdomain kernel: pci 0000:00:15.0:   bridge window [mem 0xfd400000-0xfd4fffff]
4月 12 20:50:26 localhost.localdomain kernel: pci 0000:00:15.0:   bridge window [mem 0xc0000000-0xc01fffff 64bit pref]
4月 12 20:50:26 localhost.localdomain kernel: pci 0000:00:15.1: PCI bridge to [bus 04]
4月 12 20:50:26 localhost.localdomain kernel: pci 0000:00:15.1:   bridge window [io  0x8000-0x8fff]
4月 12 20:50:26 localhost.localdomain kernel: pci 0000:00:15.1:   bridge window [mem 0xfd000000-0xfd0fffff]
4月 12 20:50:26 localhost.localdomain kernel: pci 0000:00:15.1:   bridge window [mem 0xe7700000-0xe77fffff 64bit pref]
4月 12 20:50:26 localhost.localdomain kernel: pci 0000:00:15.2: PCI bridge to [bus 05]
4月 12 20:50:26 localhost.localdomain kernel: pci 0000:00:15.2:   bridge window [io  0xc000-0xcfff]
4月 12 20:50:26 localhost.localdomain kernel: pci 0000:00:15.2:   bridge window [mem 0xfcc00000-0xfccfffff]
4月 12 20:50:26 localhost.localdomain kernel: pci 0000:00:15.2:   bridge window [mem 0xe7300000-0xe73fffff 64bit pref]
4月 12 20:50:26 localhost.localdomain kernel: pci 0000:00:15.3: PCI bridge to [bus 06]
4月 12 20:50:26 localhost.localdomain kernel: pci 0000:00:15.3:   bridge window [mem 0xfc800000-0xfc8fffff]
4月 12 20:50:26 localhost.localdomain kernel: pci 0000:00:15.3:   bridge window [mem 0xe6f00000-0xe6ffffff 64bit pref]
4月 12 20:50:26 localhost.localdomain kernel: pci 0000:00:15.4: PCI bridge to [bus 07]
4月 12 20:50:26 localhost.localdomain kernel: pci 0000:00:15.4:   bridge window [mem 0xfc400000-0xfc4fffff]
4月 12 20:50:26 localhost.localdomain kernel: pci 0000:00:15.4:   bridge window [mem 0xe6b00000-0xe6bfffff 64bit pref]
4月 12 20:50:26 localhost.localdomain kernel: pci 0000:00:15.5: PCI bridge to [bus 08]
4月 12 20:50:26 localhost.localdomain kernel: pci 0000:00:15.5:   bridge window [mem 0xfc000000-0xfc0fffff]
4月 12 20:50:26 localhost.localdomain kernel: pci 0000:00:15.5:   bridge window [mem 0xe6700000-0xe67fffff 64bit pref]
4月 12 20:50:26 localhost.localdomain kernel: pci 0000:00:15.6: PCI bridge to [bus 09]
4月 12 20:50:26 localhost.localdomain kernel: pci 0000:00:15.6:   bridge window [mem 0xfbc00000-0xfbcfffff]
4月 12 20:50:26 localhost.localdomain kernel: pci 0000:00:15.6:   bridge window [mem 0xe6300000-0xe63fffff 64bit pref]
4月 12 20:50:26 localhost.localdomain kernel: pci 0000:00:15.7: PCI bridge to [bus 0a]
4月 12 20:50:26 localhost.localdomain kernel: pci 0000:00:15.7:   bridge window [mem 0xfb800000-0xfb8fffff]
4月 12 20:50:26 localhost.localdomain kernel: pci 0000:00:15.7:   bridge window [mem 0xe5f00000-0xe5ffffff 64bit pref]
4月 12 20:50:26 localhost.localdomain kernel: pci 0000:00:16.0: PCI bridge to [bus 0b]
4月 12 20:50:26 localhost.localdomain kernel: pci 0000:00:16.0:   bridge window [io  0x5000-0x5fff]
4月 12 20:50:26 localhost.localdomain kernel: pci 0000:00:16.0:   bridge window [mem 0xfd300000-0xfd3fffff]
4月 12 20:50:26 localhost.localdomain kernel: pci 0000:00:16.0:   bridge window [mem 0xe7a00000-0xe7afffff 64bit pref]
4月 12 20:50:26 localhost.localdomain kernel: pci 0000:00:16.1: PCI bridge to [bus 0c]
4月 12 20:50:26 localhost.localdomain kernel: pci 0000:00:16.1:   bridge window [io  0x9000-0x9fff]
4月 12 20:50:26 localhost.localdomain kernel: pci 0000:00:16.1:   bridge window [mem 0xfcf00000-0xfcffffff]
4月 12 20:50:26 localhost.localdomain kernel: pci 0000:00:16.1:   bridge window [mem 0xe7600000-0xe76fffff 64bit pref]
4月 12 20:50:26 localhost.localdomain kernel: pci 0000:00:16.2: PCI bridge to [bus 0d]
4月 12 20:50:26 localhost.localdomain kernel: pci 0000:00:16.2:   bridge window [io  0xd000-0xdfff]
4月 12 20:50:26 localhost.localdomain kernel: pci 0000:00:16.2:   bridge window [mem 0xfcb00000-0xfcbfffff]
4月 12 20:50:26 localhost.localdomain kernel: pci 0000:00:16.2:   bridge window [mem 0xe7200000-0xe72fffff 64bit pref]
4月 12 20:50:26 localhost.localdomain kernel: pci 0000:00:16.3: PCI bridge to [bus 0e]
4月 12 20:50:26 localhost.localdomain kernel: pci 0000:00:16.3:   bridge window [mem 0xfc700000-0xfc7fffff]
4月 12 20:50:26 localhost.localdomain kernel: pci 0000:00:16.3:   bridge window [mem 0xe6e00000-0xe6efffff 64bit pref]
4月 12 20:50:26 localhost.localdomain kernel: pci 0000:00:16.4: PCI bridge to [bus 0f]
4月 12 20:50:26 localhost.localdomain kernel: pci 0000:00:16.4:   bridge window [mem 0xfc300000-0xfc3fffff]
4月 12 20:50:26 localhost.localdomain kernel: pci 0000:00:16.4:   bridge window [mem 0xe6a00000-0xe6afffff 64bit pref]
4月 12 20:50:26 localhost.localdomain kernel: pci 0000:00:16.5: PCI bridge to [bus 10]
4月 12 20:50:26 localhost.localdomain kernel: pci 0000:00:16.5:   bridge window [mem 0xfbf00000-0xfbffffff]
4月 12 20:50:26 localhost.localdomain kernel: pci 0000:00:16.5:   bridge window [mem 0xe6600000-0xe66fffff 64bit pref]
4月 12 20:50:26 localhost.localdomain kernel: pci 0000:00:16.6: PCI bridge to [bus 11]
4月 12 20:50:26 localhost.localdomain kernel: pci 0000:00:16.6:   bridge window [mem 0xfbb00000-0xfbbfffff]
4月 12 20:50:26 localhost.localdomain kernel: pci 0000:00:16.6:   bridge window [mem 0xe6200000-0xe62fffff 64bit pref]
4月 12 20:50:26 localhost.localdomain kernel: pci 0000:00:16.7: PCI bridge to [bus 12]
4月 12 20:50:26 localhost.localdomain kernel: pci 0000:00:16.7:   bridge window [mem 0xfb700000-0xfb7fffff]
4月 12 20:50:26 localhost.localdomain kernel: pci 0000:00:16.7:   bridge window [mem 0xe5e00000-0xe5efffff 64bit pref]
4月 12 20:50:26 localhost.localdomain kernel: pci 0000:00:17.0: PCI bridge to [bus 13]
4月 12 20:50:26 localhost.localdomain kernel: pci 0000:00:17.0:   bridge window [io  0x6000-0x6fff]
4月 12 20:50:26 localhost.localdomain kernel: pci 0000:00:17.0:   bridge window [mem 0xfd200000-0xfd2fffff]
4月 12 20:50:26 localhost.localdomain kernel: pci 0000:00:17.0:   bridge window [mem 0xe7900000-0xe79fffff 64bit pref]
4月 12 20:50:26 localhost.localdomain kernel: pci 0000:00:17.1: PCI bridge to [bus 14]
4月 12 20:50:26 localhost.localdomain kernel: pci 0000:00:17.1:   bridge window [io  0xa000-0xafff]
4月 12 20:50:26 localhost.localdomain kernel: pci 0000:00:17.1:   bridge window [mem 0xfce00000-0xfcefffff]
4月 12 20:50:26 localhost.localdomain kernel: pci 0000:00:17.1:   bridge window [mem 0xe7500000-0xe75fffff 64bit pref]
4月 12 20:50:26 localhost.localdomain kernel: pci 0000:00:17.2: PCI bridge to [bus 15]
4月 12 20:50:26 localhost.localdomain kernel: pci 0000:00:17.2:   bridge window [io  0xe000-0xefff]
